Archive member included to satisfy reference by file (symbol)

/home/jakub/st/stm32cubeide_2.0.0/plugins/com.st.stm32cube.ide.mcu.externaltools.gnu-tools-for-stm32.13.3.rel1.linux64_1.0.100.202509120712/tools/bin/../lib/gcc/arm-none-eabi/13.3.1/../../../../arm-none-eabi/lib/thumb/v7e-m+fp/hard/libc_nano.a(libc_a-exit.o)
                              /home/jakub/st/stm32cubeide_2.0.0/plugins/com.st.stm32cube.ide.mcu.externaltools.gnu-tools-for-stm32.13.3.rel1.linux64_1.0.100.202509120712/tools/bin/../lib/gcc/arm-none-eabi/13.3.1/../../../../arm-none-eabi/lib/thumb/v7e-m+fp/hard/crt0.o (exit)
/home/jakub/st/stm32cubeide_2.0.0/plugins/com.st.stm32cube.ide.mcu.externaltools.gnu-tools-for-stm32.13.3.rel1.linux64_1.0.100.202509120712/tools/bin/../lib/gcc/arm-none-eabi/13.3.1/../../../../arm-none-eabi/lib/thumb/v7e-m+fp/hard/libc_nano.a(libc_a-findfp.o)
                              /home/jakub/st/stm32cubeide_2.0.0/plugins/com.st.stm32cube.ide.mcu.externaltools.gnu-tools-for-stm32.13.3.rel1.linux64_1.0.100.202509120712/tools/bin/../lib/gcc/arm-none-eabi/13.3.1/../../../../arm-none-eabi/lib/thumb/v7e-m+fp/hard/libc_nano.a(libc_a-exit.o) (__stdio_exit_handler)
/home/jakub/st/stm32cubeide_2.0.0/plugins/com.st.stm32cube.ide.mcu.externaltools.gnu-tools-for-stm32.13.3.rel1.linux64_1.0.100.202509120712/tools/bin/../lib/gcc/arm-none-eabi/13.3.1/../../../../arm-none-eabi/lib/thumb/v7e-m+fp/hard/libc_nano.a(libc_a-fwalk.o)
                              /home/jakub/st/stm32cubeide_2.0.0/plugins/com.st.stm32cube.ide.mcu.externaltools.gnu-tools-for-stm32.13.3.rel1.linux64_1.0.100.202509120712/tools/bin/../lib/gcc/arm-none-eabi/13.3.1/../../../../arm-none-eabi/lib/thumb/v7e-m+fp/hard/libc_nano.a(libc_a-findfp.o) (_fwalk_sglue)
/home/jakub/st/stm32cubeide_2.0.0/plugins/com.st.stm32cube.ide.mcu.externaltools.gnu-tools-for-stm32.13.3.rel1.linux64_1.0.100.202509120712/tools/bin/../lib/gcc/arm-none-eabi/13.3.1/../../../../arm-none-eabi/lib/thumb/v7e-m+fp/hard/libc_nano.a(libc_a-sprintf.o)
                              ./Core/Src/app_ui.o (sprintf)
/home/jakub/st/stm32cubeide_2.0.0/plugins/com.st.stm32cube.ide.mcu.externaltools.gnu-tools-for-stm32.13.3.rel1.linux64_1.0.100.202509120712/tools/bin/../lib/gcc/arm-none-eabi/13.3.1/../../../../arm-none-eabi/lib/thumb/v7e-m+fp/hard/libc_nano.a(libc_a-stdio.o)
                              /home/jakub/st/stm32cubeide_2.0.0/plugins/com.st.stm32cube.ide.mcu.externaltools.gnu-tools-for-stm32.13.3.rel1.linux64_1.0.100.202509120712/tools/bin/../lib/gcc/arm-none-eabi/13.3.1/../../../../arm-none-eabi/lib/thumb/v7e-m+fp/hard/libc_nano.a(libc_a-findfp.o) (__sread)
/home/jakub/st/stm32cubeide_2.0.0/plugins/com.st.stm32cube.ide.mcu.externaltools.gnu-tools-for-stm32.13.3.rel1.linux64_1.0.100.202509120712/tools/bin/../lib/gcc/arm-none-eabi/13.3.1/../../../../arm-none-eabi/lib/thumb/v7e-m+fp/hard/libc_nano.a(libc_a-vsnprintf.o)
                              ./Core/Src/utils.o (vsnprintf)
/home/jakub/st/stm32cubeide_2.0.0/plugins/com.st.stm32cube.ide.mcu.externaltools.gnu-tools-for-stm32.13.3.rel1.linux64_1.0.100.202509120712/tools/bin/../lib/gcc/arm-none-eabi/13.3.1/../../../../arm-none-eabi/lib/thumb/v7e-m+fp/hard/libc_nano.a(libc_a-memset.o)
                              /home/jakub/st/stm32cubeide_2.0.0/plugins/com.st.stm32cube.ide.mcu.externaltools.gnu-tools-for-stm32.13.3.rel1.linux64_1.0.100.202509120712/tools/bin/../lib/gcc/arm-none-eabi/13.3.1/../../../../arm-none-eabi/lib/thumb/v7e-m+fp/hard/crt0.o (memset)
/home/jakub/st/stm32cubeide_2.0.0/plugins/com.st.stm32cube.ide.mcu.externaltools.gnu-tools-for-stm32.13.3.rel1.linux64_1.0.100.202509120712/tools/bin/../lib/gcc/arm-none-eabi/13.3.1/../../../../arm-none-eabi/lib/thumb/v7e-m+fp/hard/libc_nano.a(libc_a-strstr.o)
                              ./Core/Src/main.o (strstr)
/home/jakub/st/stm32cubeide_2.0.0/plugins/com.st.stm32cube.ide.mcu.externaltools.gnu-tools-for-stm32.13.3.rel1.linux64_1.0.100.202509120712/tools/bin/../lib/gcc/arm-none-eabi/13.3.1/../../../../arm-none-eabi/lib/thumb/v7e-m+fp/hard/libc_nano.a(libc_a-closer.o)
                              /home/jakub/st/stm32cubeide_2.0.0/plugins/com.st.stm32cube.ide.mcu.externaltools.gnu-tools-for-stm32.13.3.rel1.linux64_1.0.100.202509120712/tools/bin/../lib/gcc/arm-none-eabi/13.3.1/../../../../arm-none-eabi/lib/thumb/v7e-m+fp/hard/libc_nano.a(libc_a-stdio.o) (_close_r)
/home/jakub/st/stm32cubeide_2.0.0/plugins/com.st.stm32cube.ide.mcu.externaltools.gnu-tools-for-stm32.13.3.rel1.linux64_1.0.100.202509120712/tools/bin/../lib/gcc/arm-none-eabi/13.3.1/../../../../arm-none-eabi/lib/thumb/v7e-m+fp/hard/libc_nano.a(libc_a-reent.o)
                              /home/jakub/st/stm32cubeide_2.0.0/plugins/com.st.stm32cube.ide.mcu.externaltools.gnu-tools-for-stm32.13.3.rel1.linux64_1.0.100.202509120712/tools/bin/../lib/gcc/arm-none-eabi/13.3.1/../../../../arm-none-eabi/lib/thumb/v7e-m+fp/hard/libc_nano.a(libc_a-closer.o) (errno)
[...]
Memory Configuration

Name             Origin             Length             Attributes
CCMRAM           0x10000000         0x00001000         xrw
RAM              0x20000000         0x00003000         xrw
FLASH            0x08000000         0x00010000         xr
*default*        0x00000000         0xffffffff

Linker script and memory map

LOAD /home/jakub/st/stm32cubeide_2.0.0/plugins/com.st.stm32cube.ide.mcu.externaltools.gnu-tools-for-stm32.13.3.rel1.linux64_1.0.100.202509120712/tools/bin/../lib/gcc/arm-none-eabi/13.3.1/thumb/v7e-m+fp/hard/crti.o
LOAD /home/jakub/st/stm32cubeide_2.0.0/plugins/com.st.stm32cube.ide.mcu.externaltools.gnu-tools-for-stm32.13.3.rel1.linux64_1.0.100.202509120712/tools/bin/../lib/gcc/arm-none-eabi/13.3.1/thumb/v7e-m+fp/hard/crtbegin.o
LOAD /home/jakub/st/stm32cubeide_2.0.0/plugins/com.st.stm32cube.ide.mcu.externaltools.gnu-tools-for-stm32.13.3.rel1.linux64_1.0.100.202509120712/tools/bin/../lib/gcc/arm-none-eabi/13.3.1/../../../../arm-none-eabi/lib/thumb/v7e-m+fp/hard/crt0.o
LOAD ./Core/Src/app_ui.o
LOAD ./Core/Src/dma.o
LOAD ./Core/Src/fatfs_sd.o
LOAD ./Core/Src/fonts.o
LOAD ./Core/Src/gpio.o
LOAD ./Core/Src/input_handler.o
LOAD ./Core/Src/main.o
LOAD ./Core/Src/sd_logger.o
LOAD ./Core/Src/spi.o
LOAD ./Core/Src/st7789.o
LOAD ./Core/Src/stm32f3xx_hal_msp.o
LOAD ./Core/Src/stm32f3xx_it.o
LOAD ./Core/Src/syscalls.o
LOAD ./Core/Src/sysmem.o
LOAD ./Core/Src/system_stm32f3xx.o
LOAD ./Core/Src/tim.o
LOAD ./Core/Src/usart.o
LOAD ./Core/Src/utils.o
LOAD ./Core/Startup/startup_stm32f303k8tx.o
LOAD ./Drivers/STM32F3xx_HAL_Driver/Src/stm32f3xx_hal.o
LOAD ./Drivers/STM32F3xx_HAL_Driver/Src/stm32f3xx_hal_cortex.o
LOAD ./Drivers/STM32F3xx_HAL_Driver/Src/stm32f3xx_hal_dma.o
LOAD ./Drivers/STM32F3xx_HAL_Driver/Src/stm32f3xx_hal_exti.o
LOAD ./Drivers/STM32F3xx_HAL_Driver/Src/stm32f3xx_hal_flash.o
LOAD ./Drivers/STM32F3xx_HAL_Driver/Src/stm32f3xx_hal_flash_ex.o
LOAD ./Drivers/STM32F3xx_HAL_Driver/Src/stm32f3xx_hal_gpio.o
LOAD ./Drivers/STM32F3xx_HAL_Driver/Src/stm32f3xx_hal_i2c.o
LOAD ./Drivers/STM32F3xx_HAL_Driver/Src/stm32f3xx_hal_i2c_ex.o
LOAD ./Drivers/STM32F3xx_HAL_Driver/Src/stm32f3xx_hal_pwr.o
LOAD ./Drivers/STM32F3xx_HAL_Driver/Src/stm32f3xx_hal_pwr_ex.o
LOAD ./Drivers/STM32F3xx_HAL_Driver/Src/stm32f3xx_hal_rcc.o
LOAD ./Drivers/STM32F3xx_HAL_Driver/Src/stm32f3xx_hal_rcc_ex.o
LOAD ./Drivers/STM32F3xx_HAL_Driver/Src/stm32f3xx_hal_spi.o
LOAD ./Drivers/STM32F3xx_HAL_Driver/Src/stm32f3xx_hal_spi_ex.o
LOAD ./Drivers/STM32F3xx_HAL_Driver/Src/stm32f3xx_hal_tim.o
LOAD ./Drivers/STM32F3xx_HAL_Driver/Src/stm32f3xx_hal_tim_ex.o
LOAD ./Drivers/STM32F3xx_HAL_Driver/Src/stm32f3xx_hal_uart.o
LOAD ./Drivers/STM32F3xx_HAL_Driver/Src/stm32f3xx_hal_uart_ex.o
LOAD ./FATFS/App/fatfs.o
LOAD ./FATFS/Target/user_diskio.o
LOAD ./Middlewares/Third_Party/FatFs/src/diskio.o
LOAD ./Middlewares/Third_Party/FatFs/src/ff.o
LOAD ./Middlewares/Third_Party/FatFs/src/ff_gen_drv.o
LOAD ./Middlewares/Third_Party/FatFs/src/option/syscall.o
START GROUP
LOAD /home/jakub/st/stm32cubeide_2.0.0/plugins/com.st.stm32cube.ide.mcu.externaltools.gnu-tools-for-stm32.13.3.rel1.linux64_1.0.100.202509120712/tools/bin/../lib/gcc/arm-none-eabi/13.3.1/../../../../arm-none-eabi/lib/thumb/v7e-m+fp/hard/libc_nano.a
LOAD /home/jakub/st/stm32cubeide_2.0.0/plugins/com.st.stm32cube.ide.mcu.externaltools.gnu-tools-for-stm32.13.3.rel1.linux64_1.0.100.202509120712/tools/bin/../lib/gcc/arm-none-eabi/13.3.1/../../../../arm-none-eabi/lib/thumb/v7e-m+fp/hard/libm.a
END GROUP
START GROUP
LOAD /home/jakub/st/stm32cubeide_2.0.0/plugins/com.st.stm32cube.ide.mcu.externaltools.gnu-tools-for-stm32.13.3.rel1.linux64_1.0.100.202509120712/tools/bin/../lib/gcc/arm-none-eabi/13.3.1/thumb/v7e-m+fp/hard/libgcc.a
LOAD /home/jakub/st/stm32cubeide_2.0.0/plugins/com.st.stm32cube.ide.mcu.externaltools.gnu-tools-for-stm32.13.3.rel1.linux64_1.0.100.202509120712/tools/bin/../lib/gcc/arm-none-eabi/13.3.1/../../../../arm-none-eabi/lib/thumb/v7e-m+fp/hard/libc_nano.a
END GROUP
START GROUP
LOAD /home/jakub/st/stm32cubeide_2.0.0/plugins/com.st.stm32cube.ide.mcu.externaltools.gnu-tools-for-stm32.13.3.rel1.linux64_1.0.100.202509120712/tools/bin/../lib/gcc/arm-none-eabi/13.3.1/thumb/v7e-m+fp/hard/libgcc.a
LOAD /home/jakub/st/stm32cubeide_2.0.0/plugins/com.st.stm32cube.ide.mcu.externaltools.gnu-tools-for-stm32.13.3.rel1.linux64_1.0.100.202509120712/tools/bin/../lib/gcc/arm-none-eabi/13.3.1/../../../../arm-none-eabi/lib/thumb/v7e-m+fp/hard/libc_nano.a
LOAD /home/jakub/st/stm32cubeide_2.0.0/plugins/com.st.stm32cube.ide.mcu.externaltools.gnu-tools-for-stm32.13.3.rel1.linux64_1.0.100.202509120712/tools/bin/../lib/gcc/arm-none-eabi/13.3.1/../../../../arm-none-eabi/lib/thumb/v7e-m+fp/hard/libnosys.a
END GROUP
START GROUP
LOAD /home/jakub/st/stm32cubeide_2.0.0/plugins/com.st.stm32cube.ide.mcu.externaltools.gnu-tools-for-stm32.13.3.rel1.linux64_1.0.100.202509120712/tools/bin/../lib/gcc/arm-none-eabi/13.3.1/thumb/v7e-m+fp/hard/libgcc.a
LOAD /home/jakub/st/stm32cubeide_2.0.0/plugins/com.st.stm32cube.ide.mcu.externaltools.gnu-tools-for-stm32.13.3.rel1.linux64_1.0.100.202509120712/tools/bin/../lib/gcc/arm-none-eabi/13.3.1/../../../../arm-none-eabi/lib/thumb/v7e-m+fp/hard/libc_nano.a
LOAD /home/jakub/st/stm32cubeide_2.0.0/plugins/com.st.stm32cube.ide.mcu.externaltools.gnu-tools-for-stm32.13.3.rel1.linux64_1.0.100.202509120712/tools/bin/../lib/gcc/arm-none-eabi/13.3.1/../../../../arm-none-eabi/lib/thumb/v7e-m+fp/hard/libnosys.a
END GROUP
LOAD /home/jakub/st/stm32cubeide_2.0.0/plugins/com.st.stm32cube.ide.mcu.externaltools.gnu-tools-for-stm32.13.3.rel1.linux64_1.0.100.202509120712/tools/bin/../lib/gcc/arm-none-eabi/13.3.1/thumb/v7e-m+fp/hard/crtend.o
LOAD /home/jakub/st/stm32cubeide_2.0.0/plugins/com.st.stm32cube.ide.mcu.externaltools.gnu-tools-for-stm32.13.3.rel1.linux64_1.0.100.202509120712/tools/bin/../lib/gcc/arm-none-eabi/13.3.1/thumb/v7e-m+fp/hard/crtn.o
                0x20003000                        _estack = (ORIGIN (RAM) + LENGTH (RAM))
                0x00000200                        _Min_Heap_Size = 0x200
                0x00000400                        _Min_Stack_Size = 0x400

.isr_vector     0x08000000      0x188
                0x08000000                        . = ALIGN (0x4)
 *(.isr_vector)
 .isr_vector    0x08000000      0x188 ./Core/Startup/startup_stm32f303k8tx.o
                0x08000000                g_pfnVectors
                0x08000188                        . = ALIGN (0x4)

.text           0x08000190     0xa8a8
                0x08000190                        . = ALIGN (0x4)
 *(.text)
 .text          0x08000190       0x40 /home/jakub/st/stm32cubeide_2.0.0/plugins/com.st.stm32cube.ide.mcu.externaltools.gnu-tools-for-stm32.13.3.rel1.linux64_1.0.100.202509120712/tools/bin/../lib/gcc/arm-none-eabi/13.3.1/thumb/v7e-m+fp/hard/crtbegin.o
 .text          0x080001d0       0x10 /home/jakub/st/stm32cubeide_2.0.0/plugins/com.st.stm32cube.ide.mcu.externaltools.gnu-tools-for-stm32.13.3.rel1.linux64_1.0.100.202509120712/tools/bin/../lib/gcc/arm-none-eabi/13.3.1/../../../../arm-none-eabi/lib/thumb/v7e-m+fp/hard/libc_nano.a(libc_a-strlen.o)
                0x080001d0                strlen
 .text          0x080001e0       0xa0 /home/jakub/st/stm32cubeide_2.0.0/plugins/com.st.stm32cube.ide.mcu.externaltools.gnu-tools-for-stm32.13.3.rel1.linux64_1.0.100.202509120712/tools/bin/../lib/gcc/arm-none-eabi/13.3.1/../../../../arm-none-eabi/lib/thumb/v7e-m+fp/hard/libc_nano.a(libc_a-memchr.o)
                0x080001e0                memchr
 *(.text*)
 .text.SelectDisplay
                0x08000280       0x18 ./Core/Src/app_ui.o
 .text.DrawCenteredText
                0x08000298       0x50 ./Core/Src/app_ui.o
 .text.DrawRightAlignedText
                0x080002e8       0x5c ./Core/Src/app_ui.o
 .text.DrawThickPinkBorder
                0x08000344       0xac ./Core/Src/app_ui.o
 .text.DrawArrow
                0x080003f0      0x274 ./Core/Src/app_ui.o
 .text.UI_Init  0x08000664       0x16 ./Core/Src/app_ui.o
                0x08000664                UI_Init
 *fill*         0x0800067a        0x2 
 .text.UI_ShowSplashScreen
                0x0800067c       0xa4 ./Core/Src/app_ui.o
                0x0800067c                UI_ShowSplashScreen
 .text.UI_ShowSplashPrompt
                0x08000720       0x30 ./Core/Src/app_ui.o
                0x08000720                UI_ShowSplashPrompt
 .text.UI_ShowConnectionStatus
                0x08000750       0xd4 ./Core/Src/app_ui.o
                0x08000750                UI_ShowConnectionStatus
 .text.RenderMassInputScreen
                0x08000824      0x130 ./Core/Src/app_ui.o
 .text.RenderMainMenu
                0x08000954      0x110 ./Core/Src/app_ui.o
 .text.RenderPauseMenu
                0x08000a64      0x128 ./Core/Src/app_ui.o
 .text.RenderCalibration
                0x08000b8c      0x114 ./Core/Src/app_ui.o
 .text.RenderDashboard
                0x08000ca0      0x62c ./Core/Src/app_ui.o
 .text.UI_Update
                0x080012cc       0xd4 ./Core/Src/app_ui.o
                0x080012cc                UI_Update
 .text.MX_DMA_Init
                0x080013a0       0x3c ./Core/Src/dma.o
                0x080013a0                MX_DMA_Init
 .text.MX_GPIO_Init
                0x080013dc      0x110 ./Core/Src/gpio.o
                0x080013dc                MX_GPIO_Init
 .text.__NVIC_SystemReset
                0x080014ec       0x2c ./Core/Src/input_handler.o
 .text.Input_Init
                0x08001518       0x38 ./Core/Src/input_handler.o
                0x08001518                Input_Init
 .text.Input_Process
                0x08001550      0x28c ./Core/Src/input_handler.o
                0x08001550                Input_Process
 .text.__NVIC_SystemReset
                0x080017dc       0x2c ./Core/Src/main.o
 .text.main     0x08001808      0x224 ./Core/Src/main.o
                0x08001808                main
 .text.HAL_UART_RxCpltCallback
                0x08001a2c       0x90 ./Core/Src/main.o
                0x08001a2c                HAL_UART_RxCpltCallback
 .text.HAL_UART_ErrorCallback
                0x08001abc       0x2c ./Core/Src/main.o
                0x08001abc                HAL_UART_ErrorCallback
 .text.ProcessUARTLine
                0x08001ae8      0x188 ./Core/Src/main.o
                0x08001ae8                ProcessUARTLine
 .text.SystemClock_Config
                0x08001c70       0xb0 ./Core/Src/main.o
                0x08001c70                SystemClock_Config
 .text.Error_Handler
                0x08001d20        0xc ./Core/Src/main.o
                0x08001d20                Error_Handler
 .text.Logger_IsFileOpen
                0x08001d2c       0x18 ./Core/Src/sd_logger.o
                0x08001d2c                Logger_IsFileOpen
 .text.Logger_Init
                0x08001d44       0x48 ./Core/Src/sd_logger.o
                0x08001d44                Logger_Init
 .text.Logger_CheckConnection
                0x08001d8c       0x74 ./Core/Src/sd_logger.o
                0x08001d8c                Logger_CheckConnection
 .text.Logger_StartNewFile
                0x08001e00      0x130 ./Core/Src/sd_logger.o
                0x08001e00                Logger_StartNewFile
 .text.Logger_AddData
                0x08001f30      0x29c ./Core/Src/sd_logger.o
                0x08001f30                Logger_AddData
 .text.Logger_FlushBuffer
                0x080021cc       0xb8 ./Core/Src/sd_logger.o
                0x080021cc                Logger_FlushBuffer
 .text.Logger_StopRecording
                0x08002284       0x60 ./Core/Src/sd_logger.o
                0x08002284                Logger_StopRecording
 .text.Logger_EjectCard
                0x080022e4       0x48 ./Core/Src/sd_logger.o
                0x080022e4                Logger_EjectCard
 .text.Logger_GetStatus
                0x0800232c       0x38 ./Core/Src/sd_logger.o
                0x0800232c                Logger_GetStatus
 .text.MX_SPI1_Init
                0x08002364       0x7c ./Core/Src/spi.o
                0x08002364                MX_SPI1_Init
 .text.HAL_SPI_MspInit
                0x080023e0       0xdc ./Core/Src/spi.o
                0x080023e0                HAL_SPI_MspInit
 .text.ST7789_WriteCommand
                0x080024bc       0x48 ./Core/Src/st7789.o
 .text.ST7789_WriteData
                0x08002504       0x70 ./Core/Src/st7789.o
 .text.ST7789_WriteSmallData
                0x08002574       0x48 ./Core/Src/st7789.o
 .text.ST7789_SetRotation
                0x080025bc       0x58 ./Core/Src/st7789.o
                0x080025bc                ST7789_SetRotation
 .text.ST7789_SetAddressWindow
                0x08002614       0xb8 ./Core/Src/st7789.o
 .text.ST7789_Init
                0x080026cc      0x13c ./Core/Src/st7789.o
                0x080026cc                ST7789_Init
 .text.ST7789_Fill_Color
                0x08002808       0xa4 ./Core/Src/st7789.o
                0x08002808                ST7789_Fill_Color
 .text.ST7789_DrawPixel
                0x080028ac       0x80 ./Core/Src/st7789.o
                0x080028ac                ST7789_DrawPixel
 .text.ST7789_DrawLine
                0x0800292c      0x116 ./Core/Src/st7789.o
                0x0800292c                ST7789_DrawLine
 .text.ST7789_DrawFilledCircle
                0x08002a42      0x1b6 ./Core/Src/st7789.o
                0x08002a42                ST7789_DrawFilledCircle
 .text.ST7789_DrawFilledRectangle
                0x08002bf8      0x104 ./Core/Src/st7789.o
                0x08002bf8                ST7789_DrawFilledRectangle
 .text.ST7789_WriteChar
                0x08002cfc      0x13c ./Core/Src/st7789.o
                0x08002cfc                ST7789_WriteChar
 .text.ST7789_WriteString
                0x08002e38       0xa6 ./Core/Src/st7789.o
                0x08002e38                ST7789_WriteString
 *fill*         0x08002ede        0x2 
 .text.HAL_MspInit
                0x08002ee0       0x48 ./Core/Src/stm32f3xx_hal_msp.o
                0x08002ee0                HAL_MspInit
 .text.NMI_Handler
                0x08002f28        0x8 ./Core/Src/stm32f3xx_it.o
                0x08002f28                NMI_Handler
 .text.HardFault_Handler
                0x08002f30        0x8 ./Core/Src/stm32f3xx_it.o
                0x08002f30                HardFault_Handler
 .text.MemManage_Handler
                0x08002f38        0x8 ./Core/Src/stm32f3xx_it.o
                0x08002f38                MemManage_Handler
 .text.BusFault_Handler
                0x08002f40        0x8 ./Core/Src/stm32f3xx_it.o
                0x08002f40                BusFault_Handler
 .text.UsageFault_Handler
                0x08002f48        0x8 ./Core/Src/stm32f3xx_it.o
                0x08002f48                UsageFault_Handler
 .text.SVC_Handler
                0x08002f50        0xe ./Core/Src/stm32f3xx_it.o
                0x08002f50                SVC_Handler
 .text.DebugMon_Handler
                0x08002f5e        0xe ./Core/Src/stm32f3xx_it.o
                0x08002f5e                DebugMon_Handler
 .text.PendSV_Handler
                0x08002f6c        0xe ./Core/Src/stm32f3xx_it.o
                0x08002f6c                PendSV_Handler
 .text.SysTick_Handler
                0x08002f7a        0xc ./Core/Src/stm32f3xx_it.o
                0x08002f7a                SysTick_Handler
 *fill*         0x08002f86        0x2 
 .text.DMA1_Channel3_IRQHandler
                0x08002f88       0x14 ./Core/Src/stm32f3xx_it.o
                0x08002f88                DMA1_Channel3_IRQHandler
 .text.USART1_IRQHandler
                0x08002f9c       0x14 ./Core/Src/stm32f3xx_it.o
                0x08002f9c                USART1_IRQHandler
 .text._sbrk    0x08002fb0       0x6c ./Core/Src/sysmem.o
                0x08002fb0                _sbrk
 .text.SystemInit
                0x0800301c       0x24 ./Core/Src/system_stm32f3xx.o
                0x0800301c                SystemInit
 .text.MX_TIM3_Init
                0x08003040       0xac ./Core/Src/tim.o
                0x08003040                MX_TIM3_Init
 .text.HAL_TIM_Encoder_MspInit
                0x080030ec       0x88 ./Core/Src/tim.o
                0x080030ec                HAL_TIM_Encoder_MspInit
 .text.MX_USART1_UART_Init
                0x08003174       0x60 ./Core/Src/usart.o
                0x08003174                MX_USART1_UART_Init
 .text.MX_USART2_UART_Init
                0x080031d4       0x60 ./Core/Src/usart.o
                0x080031d4                MX_USART2_UART_Init
 .text.HAL_UART_MspInit
                0x08003234       0xfc ./Core/Src/usart.o
                0x08003234                HAL_UART_MspInit
 .text.StringToInt
                0x08003330       0x64 ./Core/Src/utils.o
                0x08003330                StringToInt
 .text.StringToFloat
                0x08003394       0xe4 ./Core/Src/utils.o
                0x08003394                StringToFloat
 .text.FloatToString
                0x08003478       0xdc ./Core/Src/utils.o
                0x08003478                FloatToString
 .text.IntToString
                0x08003554       0xc8 ./Core/Src/utils.o
                0x08003554                IntToString
 .text.Reset_Handler
                0x0800361c       0x50 ./Core/Startup/startup_stm32f303k8tx.o
                0x0800361c                Reset_Handler
 .text.Default_Handler
                0x0800366c        0x2 ./Core/Startup/startup_stm32f303k8tx.o
                0x0800366c                RTC_Alarm_IRQHandler
                0x0800366c                TIM1_CC_IRQHandler
                0x0800366c                PVD_IRQHandler
                0x0800366c                TAMP_STAMP_IRQHandler
                0x0800366c                EXTI3_IRQHandler
                0x0800366c                EXTI0_IRQHandler
                0x0800366c                FPU_IRQHandler
                0x0800366c                CAN_TX_IRQHandler
                0x0800366c                TIM1_UP_TIM16_IRQHandler
                0x0800366c                ADC1_2_IRQHandler
                0x0800366c                SPI1_IRQHandler
                0x0800366c                CAN_SCE_IRQHandler
                0x0800366c                DMA1_Channel4_IRQHandler
                0x0800366c                USART3_IRQHandler
                0x0800366c                DMA1_Channel7_IRQHandler
                0x0800366c                TIM7_DAC2_IRQHandler
                0x0800366c                CAN_RX1_IRQHandler
                0x0800366c                I2C1_EV_IRQHandler
                0x0800366c                DMA1_Channel6_IRQHandler
                0x0800366c                TIM3_IRQHandler
                0x0800366c                RCC_IRQHandler
                0x0800366c                DMA1_Channel1_IRQHandler
                0x0800366c                Default_Handler
                0x0800366c                EXTI15_10_IRQHandler
                0x0800366c                COMP2_IRQHandler
                0x0800366c                TIM6_DAC1_IRQHandler
                0x0800366c                EXTI9_5_IRQHandler
                0x0800366c                RTC_WKUP_IRQHandler
                0x0800366c                DMA1_Channel5_IRQHandler
                0x0800366c                EXTI4_IRQHandler
                0x0800366c                TIM1_TRG_COM_TIM17_IRQHandler
                0x0800366c                WWDG_IRQHandler
                0x0800366c                TIM2_IRQHandler
                0x0800366c                EXTI1_IRQHandler
                0x0800366c                COMP4_6_IRQHandler
                0x0800366c                USART2_IRQHandler
                0x0800366c                DMA1_Channel2_IRQHandler
                0x0800366c                FLASH_IRQHandler
                0x0800366c                CAN_RX0_IRQHandler
                0x0800366c                I2C1_ER_IRQHandler
                0x0800366c                EXTI2_TSC_IRQHandler
                0x0800366c                TIM1_BRK_TIM15_IRQHandler
 *fill*         0x0800366e        0x2 
 .text.HAL_Init
                0x08003670       0x2c ./Drivers/STM32F3xx_HAL_Driver/Src/stm32f3xx_hal.o
                0x08003670                HAL_Init
 .text.HAL_InitTick
                0x0800369c       0x60 ./Drivers/STM32F3xx_HAL_Driver/Src/stm32f3xx_hal.o
                0x0800369c                HAL_InitTick
 .text.HAL_IncTick
                0x080036fc       0x28 ./Drivers/STM32F3xx_HAL_Driver/Src/stm32f3xx_hal.o
                0x080036fc                HAL_IncTick
 .text.HAL_GetTick
                0x08003724       0x18 ./Drivers/STM32F3xx_HAL_Driver/Src/stm32f3xx_hal.o
                0x08003724                HAL_GetTick
 .text.HAL_Delay
                0x0800373c       0x48 ./Drivers/STM32F3xx_HAL_Driver/Src/stm32f3xx_hal.o
                0x0800373c                HAL_Delay
 .text.__NVIC_SetPriorityGrouping
                0x08003784       0x48 ./Drivers/STM32F3xx_HAL_Driver/Src/stm32f3xx_hal_cortex.o
 .text.__NVIC_GetPriorityGrouping
                0x080037cc       0x1c ./Drivers/STM32F3xx_HAL_Driver/Src/stm32f3xx_hal_cortex.o
 .text.__NVIC_EnableIRQ
                0x080037e8       0x3c ./Drivers/STM32F3xx_HAL_Driver/Src/stm32f3xx_hal_cortex.o
 .text.__NVIC_SetPriority
                0x08003824       0x54 ./Drivers/STM32F3xx_HAL_Driver/Src/stm32f3xx_hal_cortex.o
 .text.NVIC_EncodePriority
                0x08003878       0x66 ./Drivers/STM32F3xx_HAL_Driver/Src/stm32f3xx_hal_cortex.o
 *fill*         0x080038de        0x2 
 .text.SysTick_Config
                0x080038e0       0x44 ./Drivers/STM32F3xx_HAL_Driver/Src/stm32f3xx_hal_cortex.o
 .text.HAL_NVIC_SetPriorityGrouping
                0x08003924       0x16 ./Drivers/STM32F3xx_HAL_Driver/Src/stm32f3xx_hal_cortex.o
                0x08003924                HAL_NVIC_SetPriorityGrouping
 .text.HAL_NVIC_SetPriority
                0x0800393a       0x38 ./Drivers/STM32F3xx_HAL_Driver/Src/stm32f3xx_hal_cortex.o
                0x0800393a                HAL_NVIC_SetPriority
 .text.HAL_NVIC_EnableIRQ
                0x08003972       0x1c ./Drivers/STM32F3xx_HAL_Driver/Src/stm32f3xx_hal_cortex.o
                0x08003972                HAL_NVIC_EnableIRQ
 .text.HAL_SYSTICK_Config
                0x0800398e       0x18 ./Drivers/STM32F3xx_HAL_Driver/Src/stm32f3xx_hal_cortex.o
                0x0800398e                HAL_SYSTICK_Config
 .text.HAL_DMA_Init
                0x080039a6       0x8e ./Drivers/STM32F3xx_HAL_Driver/Src/stm32f3xx_hal_dma.o
                0x080039a6                HAL_DMA_Init
 .text.HAL_DMA_Abort
                0x08003a34       0x7c ./Drivers/STM32F3xx_HAL_Driver/Src/stm32f3xx_hal_dma.o
                0x08003a34                HAL_DMA_Abort
 .text.HAL_DMA_Abort_IT
                0x08003ab0       0x7c ./Drivers/STM32F3xx_HAL_Driver/Src/stm32f3xx_hal_dma.o
                0x08003ab0                HAL_DMA_Abort_IT
 .text.HAL_DMA_IRQHandler
                0x08003b2c      0x146 ./Drivers/STM32F3xx_HAL_Driver/Src/stm32f3xx_hal_dma.o
                0x08003b2c                HAL_DMA_IRQHandler
 *fill*         0x08003c72        0x2 
 .text.DMA_CalcBaseAndBitshift
                0x08003c74       0x40 ./Drivers/STM32F3xx_HAL_Driver/Src/stm32f3xx_hal_dma.o
 .text.HAL_GPIO_Init
                0x08003cb4      0x2e4 ./Drivers/STM32F3xx_HAL_Driver/Src/stm32f3xx_hal_gpio.o
                0x08003cb4                HAL_GPIO_Init
 .text.HAL_GPIO_ReadPin
                0x08003f98       0x30 ./Drivers/STM32F3xx_HAL_Driver/Src/stm32f3xx_hal_gpio.o
                0x08003f98                HAL_GPIO_ReadPin
 .text.HAL_GPIO_WritePin
                0x08003fc8       0x30 ./Drivers/STM32F3xx_HAL_Driver/Src/stm32f3xx_hal_gpio.o
                0x08003fc8                HAL_GPIO_WritePin
 .text.HAL_RCC_OscConfig
                0x08003ff8     0x101c ./Drivers/STM32F3xx_HAL_Driver/Src/stm32f3xx_hal_rcc.o
                0x08003ff8                HAL_RCC_OscConfig
 .text.HAL_RCC_ClockConfig
                0x08005014      0x2dc ./Drivers/STM32F3xx_HAL_Driver/Src/stm32f3xx_hal_rcc.o
                0x08005014                HAL_RCC_ClockConfig
 .text.HAL_RCC_GetSysClockFreq
                0x080052f0       0xa8 ./Drivers/STM32F3xx_HAL_Driver/Src/stm32f3xx_hal_rcc.o
                0x080052f0                HAL_RCC_GetSysClockFreq
 .text.HAL_RCC_GetHCLKFreq
                0x08005398       0x18 ./Drivers/STM32F3xx_HAL_Driver/Src/stm32f3xx_hal_rcc.o
                0x08005398                HAL_RCC_GetHCLKFreq
 .text.HAL_RCC_GetPCLK1Freq
                0x080053b0       0x44 ./Drivers/STM32F3xx_HAL_Driver/Src/stm32f3xx_hal_rcc.o
                0x080053b0                HAL_RCC_GetPCLK1Freq
 .text.HAL_RCC_GetPCLK2Freq
                0x080053f4       0x44 ./Drivers/STM32F3xx_HAL_Driver/Src/stm32f3xx_hal_rcc.o
                0x080053f4                HAL_RCC_GetPCLK2Freq
 .text.HAL_RCCEx_PeriphCLKConfig
                0x08005438      0x248 ./Drivers/STM32F3xx_HAL_Driver/Src/stm32f3xx_hal_rcc_ex.o
                0x08005438                HAL_RCCEx_PeriphCLKConfig
 .text.HAL_SPI_Init
                0x08005680      0x146 ./Drivers/STM32F3xx_HAL_Driver/Src/stm32f3xx_hal_spi.o
                0x08005680                HAL_SPI_Init
 .text.HAL_SPI_Transmit
                0x080057c6      0x2ea ./Drivers/STM32F3xx_HAL_Driver/Src/stm32f3xx_hal_spi.o
                0x080057c6                HAL_SPI_Transmit
 .text.SPI_WaitFlagStateUntilTimeout
                0x08005ab0      0x110 ./Drivers/STM32F3xx_HAL_Driver/Src/stm32f3xx_hal_spi.o
 .text.SPI_WaitFifoStateUntilTimeout
                0x08005bc0      0x12c ./Drivers/STM32F3xx_HAL_Driver/Src/stm32f3xx_hal_spi.o
 .text.SPI_EndRxTxTransaction
                0x08005cec       0x8c ./Drivers/STM32F3xx_HAL_Driver/Src/stm32f3xx_hal_spi.o
 .text.HAL_TIM_Encoder_Init
                0x08005d78      0x14c ./Drivers/STM32F3xx_HAL_Driver/Src/stm32f3xx_hal_tim.o
                0x08005d78                HAL_TIM_Encoder_Init
 .text.HAL_TIM_Encoder_Start
                0x08005ec4      0x11c ./Drivers/STM32F3xx_HAL_Driver/Src/stm32f3xx_hal_tim.o
                0x08005ec4                HAL_TIM_Encoder_Start
 .text.TIM_Base_SetConfig
                0x08005fe0      0x108 ./Drivers/STM32F3xx_HAL_Driver/Src/stm32f3xx_hal_tim.o
                0x08005fe0                TIM_Base_SetConfig
 .text.TIM_CCxChannelCmd
                0x080060e8       0x4a ./Drivers/STM32F3xx_HAL_Driver/Src/stm32f3xx_hal_tim.o
                0x080060e8                TIM_CCxChannelCmd
 *fill*         0x08006132        0x2 
 .text.HAL_TIMEx_MasterConfigSynchronization
                0x08006134       0xdc ./Drivers/STM32F3xx_HAL_Driver/Src/stm32f3xx_hal_tim_ex.o
                0x08006134                HAL_TIMEx_MasterConfigSynchronization
 .text.HAL_UART_Init
                0x08006210       0x9c ./Drivers/STM32F3xx_HAL_Driver/Src/stm32f3xx_hal_uart.o
                0x08006210                HAL_UART_Init
 .text.HAL_UART_Transmit
                0x080062ac      0x112 ./Drivers/STM32F3xx_HAL_Driver/Src/stm32f3xx_hal_uart.o
                0x080062ac                HAL_UART_Transmit
 .text.HAL_UART_Receive_IT
                0x080063be       0x88 ./Drivers/STM32F3xx_HAL_Driver/Src/stm32f3xx_hal_uart.o
                0x080063be                HAL_UART_Receive_IT
 *fill*         0x08006446        0x2 
 .text.HAL_UART_IRQHandler
                0x08006448      0x5cc ./Drivers/STM32F3xx_HAL_Driver/Src/stm32f3xx_hal_uart.o
                0x08006448                HAL_UART_IRQHandler
 .text.HAL_UART_TxCpltCallback
                0x08006a14       0x14 ./Drivers/STM32F3xx_HAL_Driver/Src/stm32f3xx_hal_uart.o
                0x08006a14                HAL_UART_TxCpltCallback
 .text.HAL_UARTEx_RxEventCallback
                0x08006a28       0x18 ./Drivers/STM32F3xx_HAL_Driver/Src/stm32f3xx_hal_uart.o
                0x08006a28                HAL_UARTEx_RxEventCallback
 .text.UART_SetConfig
                0x08006a40      0x26c ./Drivers/STM32F3xx_HAL_Driver/Src/stm32f3xx_hal_uart.o
                0x08006a40                UART_SetConfig
 .text.UART_AdvFeatureConfig
                0x08006cac      0x144 ./Drivers/STM32F3xx_HAL_Driver/Src/stm32f3xx_hal_uart.o
                0x08006cac                UART_AdvFeatureConfig
 .text.UART_CheckIdleState
                0x08006df0      0x150 ./Drivers/STM32F3xx_HAL_Driver/Src/stm32f3xx_hal_uart.o
                0x08006df0                UART_CheckIdleState
 .text.UART_WaitOnFlagUntilTimeout
                0x08006f40       0xda ./Drivers/STM32F3xx_HAL_Driver/Src/stm32f3xx_hal_uart.o
                0x08006f40                UART_WaitOnFlagUntilTimeout
 *fill*         0x0800701a        0x2 
 .text.UART_Start_Receive_IT
                0x0800701c      0x18c ./Drivers/STM32F3xx_HAL_Driver/Src/stm32f3xx_hal_uart.o
                0x0800701c                UART_Start_Receive_IT
 .text.UART_EndRxTransfer
                0x080071a8       0xc8 ./Drivers/STM32F3xx_HAL_Driver/Src/stm32f3xx_hal_uart.o
 .text.UART_DMAAbortOnError
                0x08007270       0x2c ./Drivers/STM32F3xx_HAL_Driver/Src/stm32f3xx_hal_uart.o
 .text.UART_EndTransmit_IT
                0x0800729c       0x54 ./Drivers/STM32F3xx_HAL_Driver/Src/stm32f3xx_hal_uart.o
 .text.UART_RxISR_8BIT
                0x080072f0      0x1a8 ./Drivers/STM32F3xx_HAL_Driver/Src/stm32f3xx_hal_uart.o
 .text.UART_RxISR_16BIT
                0x08007498      0x1a8 ./Drivers/STM32F3xx_HAL_Driver/Src/stm32f3xx_hal_uart.o
 .text.HAL_UARTEx_WakeupCallback
                0x08007640       0x14 ./Drivers/STM32F3xx_HAL_Driver/Src/stm32f3xx_hal_uart_ex.o
                0x08007640                HAL_UARTEx_WakeupCallback
 .text.MX_FATFS_Init
                0x08007654       0x24 ./FATFS/App/fatfs.o
                0x08007654                MX_FATFS_Init
 .text.get_fattime
                0x08007678       0x10 ./FATFS/App/fatfs.o
                0x08007678                get_fattime
 .text.USER_initialize
                0x08007688       0x28 ./FATFS/Target/user_diskio.o
                0x08007688                USER_initialize
 .text.USER_status
                0x080076b0       0x28 ./FATFS/Target/user_diskio.o
                0x080076b0                USER_status
 .text.USER_read
                0x080076d8       0x1e ./FATFS/Target/user_diskio.o
                0x080076d8                USER_read
 .text.USER_write
                0x080076f6       0x1e ./FATFS/Target/user_diskio.o
                0x080076f6                USER_write
 .text.USER_ioctl
                0x08007714       0x22 ./FATFS/Target/user_diskio.o
                0x08007714                USER_ioctl
 *fill*         0x08007736        0x2 
 .text.disk_status
                0x08007738       0x34 ./Middlewares/Third_Party/FatFs/src/diskio.o
                0x08007738                disk_status
 .text.disk_initialize
                0x0800776c       0x4c ./Middlewares/Third_Party/FatFs/src/diskio.o
                0x0800776c                disk_initialize
 .text.disk_read
                0x080077b8       0x40 ./Middlewares/Third_Party/FatFs/src/diskio.o
                0x080077b8                disk_read
 .text.disk_write
                0x080077f8       0x40 ./Middlewares/Third_Party/FatFs/src/diskio.o
                0x080077f8                disk_write
 .text.disk_ioctl
                0x08007838       0x3c ./Middlewares/Third_Party/FatFs/src/diskio.o
                0x08007838                disk_ioctl
 .text.mem_cpy  0x08007874       0x3e ./Middlewares/Third_Party/FatFs/src/ff.o
 .text.mem_set  0x080078b2       0x36 ./Middlewares/Third_Party/FatFs/src/ff.o
 .text.mem_cmp  0x080078e8       0x4e ./Middlewares/Third_Party/FatFs/src/ff.o
 .text.chk_chr  0x08007936       0x36 ./Middlewares/Third_Party/FatFs/src/ff.o
 .text.chk_lock
                0x0800796c       0xdc ./Middlewares/Third_Party/FatFs/src/ff.o
 .text.enq_lock
                0x08007a48       0x48 ./Middlewares/Third_Party/FatFs/src/ff.o
 .text.inc_lock
                0x08007a90      0x170 ./Middlewares/Third_Party/FatFs/src/ff.o
 .text.dec_lock
                0x08007c00       0x88 ./Middlewares/Third_Party/FatFs/src/ff.o
 .text.clear_lock
                0x08007c88       0x54 ./Middlewares/Third_Party/FatFs/src/ff.o
 .text.sync_window
                0x08007cdc       0x92 ./Middlewares/Third_Party/FatFs/src/ff.o
 .text.move_window
                0x08007d6e       0x5c ./Middlewares/Third_Party/FatFs/src/ff.o
 .text.sync_fs  0x08007dca      0x15a ./Middlewares/Third_Party/FatFs/src/ff.o
 .text.clust2sect
                0x08007f24       0x44 ./Middlewares/Third_Party/FatFs/src/ff.o
                0x08007f24                clust2sect
 .text.get_fat  0x08007f68      0x174 ./Middlewares/Third_Party/FatFs/src/ff.o
                0x08007f68                get_fat
 .text.put_fat  0x080080dc      0x21c ./Middlewares/Third_Party/FatFs/src/ff.o
                0x080080dc                put_fat
 .text.remove_chain
                0x080082f8       0xb4 ./Middlewares/Third_Party/FatFs/src/ff.o
 .text.create_chain
                0x080083ac      0x13a ./Middlewares/Third_Party/FatFs/src/ff.o
 .text.clmt_clust
                0x080084e6       0x6a ./Middlewares/Third_Party/FatFs/src/ff.o
 .text.dir_sdi  0x08008550      0x128 ./Middlewares/Third_Party/FatFs/src/ff.o
 .text.dir_next
                0x08008678      0x1ee ./Middlewares/Third_Party/FatFs/src/ff.o
 .text.dir_alloc
                0x08008866       0x94 ./Middlewares/Third_Party/FatFs/src/ff.o
 .text.ld_clust
                0x080088fa       0x60 ./Middlewares/Third_Party/FatFs/src/ff.o
 .text.st_clust
                0x0800895a       0x4e ./Middlewares/Third_Party/FatFs/src/ff.o
 .text.dir_find
                0x080089a8       0x9e ./Middlewares/Third_Party/FatFs/src/ff.o
 .text.dir_register
                0x08008a46       0x72 ./Middlewares/Third_Party/FatFs/src/ff.o
 .text.create_name
                0x08008ab8      0x180 ./Middlewares/Third_Party/FatFs/src/ff.o
 .text.follow_path
                0x08008c38       0xdc ./Middlewares/Third_Party/FatFs/src/ff.o
 .text.get_ldnumber
                0x08008d14       0x88 ./Middlewares/Third_Party/FatFs/src/ff.o
 .text.check_fs
                0x08008d9c       0xd8 ./Middlewares/Third_Party/FatFs/src/ff.o
 .text.find_volume
                0x08008e74      0x59c ./Middlewares/Third_Party/FatFs/src/ff.o
 .text.validate
                0x08009410       0x66 ./Middlewares/Third_Party/FatFs/src/ff.o
 *fill*         0x08009476        0x2 
 .text.f_mount  0x08009478       0x90 ./Middlewares/Third_Party/FatFs/src/ff.o
                0x08009478                f_mount
 .text.f_open   0x08009508      0x4ea ./Middlewares/Third_Party/FatFs/src/ff.o
                0x08009508                f_open
 .text.f_write  0x080099f2      0x35a ./Middlewares/Third_Party/FatFs/src/ff.o
                0x080099f2                f_write
 .text.f_sync   0x08009d4c      0x174 ./Middlewares/Third_Party/FatFs/src/ff.o
                0x08009d4c                f_sync
 .text.f_close  0x08009ec0       0x50 ./Middlewares/Third_Party/FatFs/src/ff.o
                0x08009ec0                f_close
 .text.putc_bfd
                0x08009f10       0x7a ./Middlewares/Third_Party/FatFs/src/ff.o
 .text.f_puts   0x08009f8a       0x72 ./Middlewares/Third_Party/FatFs/src/ff.o
                0x08009f8a                f_puts
 .text.FATFS_LinkDriverEx
                0x08009ffc       0x98 ./Middlewares/Third_Party/FatFs/src/ff_gen_drv.o
                0x08009ffc                FATFS_LinkDriverEx
 .text.FATFS_LinkDriver
                0x0800a094       0x1e ./Middlewares/Third_Party/FatFs/src/ff_gen_drv.o
                0x0800a094                FATFS_LinkDriver
 *fill*         0x0800a0b2        0x2 
 .text.sprintf  0x0800a0b4       0x44 /home/jakub/st/stm32cubeide_2.0.0/plugins/com.st.stm32cube.ide.mcu.externaltools.gnu-tools-for-stm32.13.3.rel1.linux64_1.0.100.202509120712/tools/bin/../lib/gcc/arm-none-eabi/13.3.1/../../../../arm-none-eabi/lib/thumb/v7e-m+fp/hard/libc_nano.a(libc_a-sprintf.o)
                0x0800a0b4                sprintf
                0x0800a0b4                siprintf
 .text.memset   0x0800a0f8       0x10 /home/jakub/st/stm32cubeide_2.0.0/plugins/com.st.stm32cube.ide.mcu.externaltools.gnu-tools-for-stm32.13.3.rel1.linux64_1.0.100.202509120712/tools/bin/../lib/gcc/arm-none-eabi/13.3.1/../../../../arm-none-eabi/lib/thumb/v7e-m+fp/hard/libc_nano.a(libc_a-memset.o)
                0x0800a0f8                memset
 .text.strstr   0x0800a108       0x2c /home/jakub/st/stm32cubeide_2.0.0/plugins/com.st.stm32cube.ide.mcu.externaltools.gnu-tools-for-stm32.13.3.rel1.linux64_1.0.100.202509120712/tools/bin/../lib/gcc/arm-none-eabi/13.3.1/../../../../arm-none-eabi/lib/thumb/v7e-m+fp/hard/libc_nano.a(libc_a-strstr.o)
                0x0800a108                strstr
 .text.__errno  0x0800a134        0xc /home/jakub/st/stm32cubeide_2.0.0/plugins/com.st.stm32cube.ide.mcu.externaltools.gnu-tools-for-stm32.13.3.rel1.linux64_1.0.100.202509120712/tools/bin/../lib/gcc/arm-none-eabi/13.3.1/../../../../arm-none-eabi/lib/thumb/v7e-m+fp/hard/libc_nano.a(libc_a-errno.o)
                0x0800a134                __errno
 .text.__libc_init_array
                0x0800a140       0x48 /home/jakub/st/stm32cubeide_2.0.0/plugins/com.st.stm32cube.ide.mcu.externaltools.gnu-tools-for-stm32.13.3.rel1.linux64_1.0.100.202509120712/tools/bin/../lib/gcc/arm-none-eabi/13.3.1/../../../../arm-none-eabi/lib/thumb/v7e-m+fp/hard/libc_nano.a(libc_a-init.o)
                0x0800a140                __libc_init_array
 .text.__retarget_lock_acquire_recursive
                0x0800a188        0x2 /home/jakub/st/stm32cubeide_2.0.0/plugins/com.st.stm32cube.ide.mcu.externaltools.gnu-tools-for-stm32.13.3.rel1.linux64_1.0.100.202509120712/tools/bin/../lib/gcc/arm-none-eabi/13.3.1/../../../../arm-none-eabi/lib/thumb/v7e-m+fp/hard/libc_nano.a(libc_a-lock.o)
                0x0800a188                __retarget_lock_acquire_recursive
 .text.__retarget_lock_release_recursive
                0x0800a18a        0x2 /home/jakub/st/stm32cubeide_2.0.0/plugins/com.st.stm32cube.ide.mcu.externaltools.gnu-tools-for-stm32.13.3.rel1.linux64_1.0.100.202509120712/tools/bin/../lib/gcc/arm-none-eabi/13.3.1/../../../../arm-none-eabi/lib/thumb/v7e-m+fp/hard/libc_nano.a(libc_a-lock.o)
                0x0800a18a                __retarget_lock_release_recursive
 .text._free_r  0x0800a18c       0x94 /home/jakub/st/stm32cubeide_2.0.0/plugins/com.st.stm32cube.ide.mcu.externaltools.gnu-tools-for-stm32.13.3.rel1.linux64_1.0.100.202509120712/tools/bin/../lib/gcc/arm-none-eabi/13.3.1/../../../../arm-none-eabi/lib/thumb/v7e-m+fp/hard/libc_nano.a(libc_a-freer.o)
                0x0800a18c                _free_r
 .text.sbrk_aligned
                0x0800a220       0x44 /home/jakub/st/stm32cubeide_2.0.0/plugins/com.st.stm32cube.ide.mcu.externaltools.gnu-tools-for-stm32.13.3.rel1.linux64_1.0.100.202509120712/tools/bin/../lib/gcc/arm-none-eabi/13.3.1/../../../../arm-none-eabi/lib/thumb/v7e-m+fp/hard/libc_nano.a(libc_a-mallocr.o)
 .text._malloc_r
                0x0800a264      0x100 /home/jakub/st/stm32cubeide_2.0.0/plugins/com.st.stm32cube.ide.mcu.externaltools.gnu-tools-for-stm32.13.3.rel1.linux64_1.0.100.202509120712/tools/bin/../lib/gcc/arm-none-eabi/13.3.1/../../../../arm-none-eabi/lib/thumb/v7e-m+fp/hard/libc_nano.a(libc_a-mallocr.o)
                0x0800a264                _malloc_r
 .text.__malloc_lock
                0x0800a364        0xc /home/jakub/st/stm32cubeide_2.0.0/plugins/com.st.stm32cube.ide.mcu.externaltools.gnu-tools-for-stm32.13.3.rel1.linux64_1.0.100.202509120712/tools/bin/../lib/gcc/arm-none-eabi/13.3.1/../../../../arm-none-eabi/lib/thumb/v7e-m+fp/hard/libc_nano.a(libc_a-mlock.o)
                0x0800a364                __malloc_lock
 .text.__malloc_unlock
                0x0800a370        0xc /home/jakub/st/stm32cubeide_2.0.0/plugins/com.st.stm32cube.ide.mcu.externaltools.gnu-tools-for-stm32.13.3.rel1.linux64_1.0.100.202509120712/tools/bin/../lib/gcc/arm-none-eabi/13.3.1/../../../../arm-none-eabi/lib/thumb/v7e-m+fp/hard/libc_nano.a(libc_a-mlock.o)
                0x0800a370                __malloc_unlock
 .text.__ssputs_r
                0x0800a37c       0xb6 /home/jakub/st/stm32cubeide_2.0.0/plugins/com.st.stm32cube.ide.mcu.externaltools.gnu-tools-for-stm32.13.3.rel1.linux64_1.0.100.202509120712/tools/bin/../lib/gcc/arm-none-eabi/13.3.1/../../../../arm-none-eabi/lib/thumb/v7e-m+fp/hard/libc_nano.a(libc_a-nano-svfprintf.o)
                0x0800a37c                __ssputs_r
 *fill*         0x0800a432        0x2 
 .text._svfprintf_r
                0x0800a434      0x1f8 /home/jakub/st/stm32cubeide_2.0.0/plugins/com.st.stm32cube.ide.mcu.externaltools.gnu-tools-for-stm32.13.3.rel1.linux64_1.0.100.202509120712/tools/bin/../lib/gcc/arm-none-eabi/13.3.1/../../../../arm-none-eabi/lib/thumb/v7e-m+fp/hard/libc_nano.a(libc_a-nano-svfprintf.o)
                0x0800a434                _svfprintf_r
                0x0800a434                _svfiprintf_r
 .text._printf_common
                0x0800a62c       0xda /home/jakub/st/stm32cubeide_2.0.0/plugins/com.st.stm32cube.ide.mcu.externaltools.gnu-tools-for-stm32.13.3.rel1.linux64_1.0.100.202509120712/tools/bin/../lib/gcc/arm-none-eabi/13.3.1/../../../../arm-none-eabi/lib/thumb/v7e-m+fp/hard/libc_nano.a(libc_a-nano-vfprintf_i.o)
                0x0800a62c                _printf_common
 *fill*         0x0800a706        0x2 
 .text._printf_i
                0x0800a708      0x23c /home/jakub/st/stm32cubeide_2.0.0/plugins/com.st.stm32cube.ide.mcu.externaltools.gnu-tools-for-stm32.13.3.rel1.linux64_1.0.100.202509120712/tools/bin/../lib/gcc/arm-none-eabi/13.3.1/../../../../arm-none-eabi/lib/thumb/v7e-m+fp/hard/libc_nano.a(libc_a-nano-vfprintf_i.o)
                0x0800a708                _printf_i
 .text.memmove  0x0800a944       0x34 /home/jakub/st/stm32cubeide_2.0.0/plugins/com.st.stm32cube.ide.mcu.externaltools.gnu-tools-for-stm32.13.3.rel1.linux64_1.0.100.202509120712/tools/bin/../lib/gcc/arm-none-eabi/13.3.1/../../../../arm-none-eabi/lib/thumb/v7e-m+fp/hard/libc_nano.a(libc_a-memmove.o)
                0x0800a944                memmove
 .text._sbrk_r  0x0800a978       0x20 /home/jakub/st/stm32cubeide_2.0.0/plugins/com.st.stm32cube.ide.mcu.externaltools.gnu-tools-for-stm32.13.3.rel1.linux64_1.0.100.202509120712/tools/bin/../lib/gcc/arm-none-eabi/13.3.1/../../../../arm-none-eabi/lib/thumb/v7e-m+fp/hard/libc_nano.a(libc_a-sbrkr.o)
                0x0800a978                _sbrk_r
 .text.memcpy   0x0800a998       0x1c /home/jakub/st/stm32cubeide_2.0.0/plugins/com.st.stm32cube.ide.mcu.externaltools.gnu-tools-for-stm32.13.3.rel1.linux64_1.0.100.202509120712/tools/bin/../lib/gcc/arm-none-eabi/13.3.1/../../../../arm-none-eabi/lib/thumb/v7e-m+fp/hard/libc_nano.a(libc_a-memcpy-stub.o)
                0x0800a998                memcpy
 .text._realloc_r
                0x0800a9b4       0x5c /home/jakub/st/stm32cubeide_2.0.0/plugins/com.st.stm32cube.ide.mcu.externaltools.gnu-tools-for-stm32.13.3.rel1.linux64_1.0.100.202509120712/tools/bin/../lib/gcc/arm-none-eabi/13.3.1/../../../../arm-none-eabi/lib/thumb/v7e-m+fp/hard/libc_nano.a(libc_a-reallocr.o)
                0x0800a9b4                _realloc_r
 .text._malloc_usable_size_r
                0x0800aa10       0x10 /home/jakub/st/stm32cubeide_2.0.0/plugins/com.st.stm32cube.ide.mcu.externaltools.gnu-tools-for-stm32.13.3.rel1.linux64_1.0.100.202509120712/tools/bin/../lib/gcc/arm-none-eabi/13.3.1/../../../../arm-none-eabi/lib/thumb/v7e-m+fp/hard/libc_nano.a(libc_a-msizer.o)
                0x0800aa10                _malloc_usable_size_r
 *(.glue_7)
 .glue_7        0x0800aa20        0x0 linker stubs
 *(.glue_7t)
 .glue_7t       0x0800aa20        0x0 linker stubs
 *(.eh_frame)
 .eh_frame      0x0800aa20        0x0 /home/jakub/st/stm32cubeide_2.0.0/plugins/com.st.stm32cube.ide.mcu.externaltools.gnu-tools-for-stm32.13.3.rel1.linux64_1.0.100.202509120712/tools/bin/../lib/gcc/arm-none-eabi/13.3.1/thumb/v7e-m+fp/hard/crtbegin.o
 *(.init)
 .init          0x0800aa20        0x4 /home/jakub/st/stm32cubeide_2.0.0/plugins/com.st.stm32cube.ide.mcu.externaltools.gnu-tools-for-stm32.13.3.rel1.linux64_1.0.100.202509120712/tools/bin/../lib/gcc/arm-none-eabi/13.3.1/thumb/v7e-m+fp/hard/crti.o
                0x0800aa20                _init
 .init          0x0800aa24        0x8 /home/jakub/st/stm32cubeide_2.0.0/plugins/com.st.stm32cube.ide.mcu.externaltools.gnu-tools-for-stm32.13.3.rel1.linux64_1.0.100.202509120712/tools/bin/../lib/gcc/arm-none-eabi/13.3.1/thumb/v7e-m+fp/hard/crtn.o
 *(.fini)
 .fini          0x0800aa2c        0x4 /home/jakub/st/stm32cubeide_2.0.0/plugins/com.st.stm32cube.ide.mcu.externaltools.gnu-tools-for-stm32.13.3.rel1.linux64_1.0.100.202509120712/tools/bin/../lib/gcc/arm-none-eabi/13.3.1/thumb/v7e-m+fp/hard/crti.o
                0x0800aa2c                _fini
 .fini          0x0800aa30        0x8 /home/jakub/st/stm32cubeide_2.0.0/plugins/com.st.stm32cube.ide.mcu.externaltools.gnu-tools-for-stm32.13.3.rel1.linux64_1.0.100.202509120712/tools/bin/../lib/gcc/arm-none-eabi/13.3.1/thumb/v7e-m+fp/hard/crtn.o
                0x0800aa38                        . = ALIGN (0x4)
                0x0800aa38                        _etext = .

.vfp11_veneer   0x0800aa38        0x0
 .vfp11_veneer  0x0800aa38        0x0 linker stubs

.v4_bx          0x0800aa38        0x0
 .v4_bx         0x0800aa38        0x0 linker stubs

.iplt           0x0800aa38        0x0
 .iplt          0x0800aa38        0x0 /home/jakub/st/stm32cubeide_2.0.0/plugins/com.st.stm32cube.ide.mcu.externaltools.gnu-tools-for-stm32.13.3.rel1.linux64_1.0.100.202509120712/tools/bin/../lib/gcc/arm-none-eabi/13.3.1/thumb/v7e-m+fp/hard/crtbegin.o

.rodata         0x0800aa38     0x2bb8
                0x0800aa38                        . = ALIGN (0x4)
 *(.rodata)
 .rodata        0x0800aa38      0x1f4 ./Core/Src/app_ui.o
 .rodata        0x0800ac2c        0xb ./Core/Src/main.o
 *fill*         0x0800ac37        0x1 
 .rodata        0x0800ac38       0x3e ./Core/Src/sd_logger.o
 *fill*         0x0800ac76        0x2 
 .rodata        0x0800ac78       0x26 ./Core/Src/st7789.o
 *fill*         0x0800ac9e        0x2 
 .rodata        0x0800aca0        0x3 ./Core/Src/utils.o
 *fill*         0x0800aca3        0x1 
 .rodata        0x0800aca4       0x44 ./Middlewares/Third_Party/FatFs/src/ff.o
 *(.rodata*)
 .rodata.rowY.0
                0x0800ace8        0x6 ./Core/Src/app_ui.o
 *fill*         0x0800acee        0x2 
 .rodata.Font7x10
                0x0800acf0      0x76c ./Core/Src/fonts.o
 .rodata.Font11x18
                0x0800b45c      0xd5c ./Core/Src/fonts.o
 .rodata.Font16x26
                0x0800c1b8     0x134c ./Core/Src/fonts.o
 .rodata.AHBPrescTable
                0x0800d504       0x10 ./Core/Src/system_stm32f3xx.o
                0x0800d504                AHBPrescTable
 .rodata.APBPrescTable
                0x0800d514        0x8 ./Core/Src/system_stm32f3xx.o
                0x0800d514                APBPrescTable
 .rodata.aPLLMULFactorTable
                0x0800d51c       0x10 ./Drivers/STM32F3xx_HAL_Driver/Src/stm32f3xx_hal_rcc.o
 .rodata.aPredivFactorTable
                0x0800d52c       0x10 ./Drivers/STM32F3xx_HAL_Driver/Src/stm32f3xx_hal_rcc.o
 .rodata.ExCvt  0x0800d53c       0x80 ./Middlewares/Third_Party/FatFs/src/ff.o
 .rodata._svfprintf_r.str1.1
                0x0800d5bc       0x33 /home/jakub/st/stm32cubeide_2.0.0/plugins/com.st.stm32cube.ide.mcu.externaltools.gnu-tools-for-stm32.13.3.rel1.linux64_1.0.100.202509120712/tools/bin/../lib/gcc/arm-none-eabi/13.3.1/../../../../arm-none-eabi/lib/thumb/v7e-m+fp/hard/libc_nano.a(libc_a-nano-svfprintf.o)
                                 0x11 (size before relaxing)
 .rodata._printf_i.str1.1
                0x0800d5ef        0x0 /home/jakub/st/stm32cubeide_2.0.0/plugins/com.st.stm32cube.ide.mcu.externaltools.gnu-tools-for-stm32.13.3.rel1.linux64_1.0.100.202509120712/tools/bin/../lib/gcc/arm-none-eabi/13.3.1/../../../../arm-none-eabi/lib/thumb/v7e-m+fp/hard/libc_nano.a(libc_a-nano-vfprintf_i.o)
                                 0x22 (size before relaxing)
                0x0800d5f0                        . = ALIGN (0x4)
 *fill*         0x0800d5ef        0x1 

.ARM.extab      0x0800d5f0        0x0
                0x0800d5f0                        . = ALIGN (0x4)
 *(.ARM.extab* .gnu.linkonce.armextab.*)
                0x0800d5f0                        . = ALIGN (0x4)

.ARM            0x0800d5f0        0x8
                0x0800d5f0                        . = ALIGN (0x4)
                0x0800d5f0                        __exidx_start = .
 *(.ARM.exidx*)
 .ARM.exidx     0x0800d5f0        0x8 /home/jakub/st/stm32cubeide_2.0.0/plugins/com.st.stm32cube.ide.mcu.externaltools.gnu-tools-for-stm32.13.3.rel1.linux64_1.0.100.202509120712/tools/bin/../lib/gcc/arm-none-eabi/13.3.1/../../../../arm-none-eabi/lib/thumb/v7e-m+fp/hard/libc_nano.a(libc_a-strlen.o)
 .ARM.exidx     0x0800d5f8        0x0 /home/jakub/st/stm32cubeide_2.0.0/plugins/com.st.stm32cube.ide.mcu.externaltools.gnu-tools-for-stm32.13.3.rel1.linux64_1.0.100.202509120712/tools/bin/../lib/gcc/arm-none-eabi/13.3.1/../../../../arm-none-eabi/lib/thumb/v7e-m+fp/hard/libc_nano.a(libc_a-memchr.o)
                                  0x8 (size before relaxing)
                0x0800d5f8                        __exidx_end = .
                0x0800d5f8                        . = ALIGN (0x4)

.preinit_array  0x0800d5f8        0x0
                0x0800d5f8                        . = ALIGN (0x4)
                0x0800d5f8                        PROVIDE (__preinit_array_start = .)
 *(.preinit_array*)
                0x0800d5f8                        PROVIDE (__preinit_array_end = .)
                0x0800d5f8                        . = ALIGN (0x4)

.init_array     0x0800d5f8        0x4
                0x0800d5f8                        . = ALIGN (0x4)
                0x0800d5f8                        PROVIDE (__init_array_start = .)
 *(SORT_BY_NAME(.init_array.*))
 *(.init_array*)
 .init_array    0x0800d5f8        0x4 /home/jakub/st/stm32cubeide_2.0.0/plugins/com.st.stm32cube.ide.mcu.externaltools.gnu-tools-for-stm32.13.3.rel1.linux64_1.0.100.202509120712/tools/bin/../lib/gcc/arm-none-eabi/13.3.1/thumb/v7e-m+fp/hard/crtbegin.o
                0x0800d5fc                        PROVIDE (__init_array_end = .)
                0x0800d5fc                        . = ALIGN (0x4)

.fini_array     0x0800d5fc        0x4
                0x0800d5fc                        . = ALIGN (0x4)
                [!provide]                        PROVIDE (__fini_array_start = .)
 *(SORT_BY_NAME(.fini_array.*))
 *(.fini_array*)
 .fini_array    0x0800d5fc        0x4 /home/jakub/st/stm32cubeide_2.0.0/plugins/com.st.stm32cube.ide.mcu.externaltools.gnu-tools-for-stm32.13.3.rel1.linux64_1.0.100.202509120712/tools/bin/../lib/gcc/arm-none-eabi/13.3.1/thumb/v7e-m+fp/hard/crtbegin.o
                [!provide]                        PROVIDE (__fini_array_end = .)
                0x0800d600                        . = ALIGN (0x4)
                0x0800d600                        _sidata = LOADADDR (.data)

.rel.dyn        0x0800d600        0x0
 .rel.iplt      0x0800d600        0x0 /home/jakub/st/stm32cubeide_2.0.0/plugins/com.st.stm32cube.ide.mcu.externaltools.gnu-tools-for-stm32.13.3.rel1.linux64_1.0.100.202509120712/tools/bin/../lib/gcc/arm-none-eabi/13.3.1/thumb/v7e-m+fp/hard/crtbegin.o

.data           0x20000000       0xa4 load address 0x0800d600
                0x20000000                        . = ALIGN (0x4)
                0x20000000                        _sdata = .
 *(.data)
 *(.data*)
 .data.previousSpeed
                0x20000000        0x2 ./Core/Src/app_ui.o
 *fill*         0x20000002        0x2 
 .data.previousAccel
                0x20000004        0x4 ./Core/Src/app_ui.o
 .data.previousPower
                0x20000008        0x4 ./Core/Src/app_ui.o
 .data.previousPitch
                0x2000000c        0x2 ./Core/Src/app_ui.o
 .data.previousRoll
                0x2000000e        0x2 ./Core/Src/app_ui.o
 .data.lastSDStatus
                0x20000010        0x1 ./Core/Src/app_ui.o
 *fill*         0x20000011        0x1 
 .data.prevUpColor.4
                0x20000012        0x2 ./Core/Src/app_ui.o
 .data.prevDownColor.3
                0x20000014        0x2 ./Core/Src/app_ui.o
 .data.prevLeftColor.2
                0x20000016        0x2 ./Core/Src/app_ui.o
 .data.prevRightColor.1
                0x20000018        0x2 ./Core/Src/app_ui.o
 *fill*         0x2000001a        0x2 
 .data.Font_7x10
                0x2000001c        0x8 ./Core/Src/fonts.o
                0x2000001c                Font_7x10
 .data.Font_11x18
                0x20000024        0x8 ./Core/Src/fonts.o
                0x20000024                Font_11x18
 .data.Font_16x26
                0x2000002c        0x8 ./Core/Src/fonts.o
                0x2000002c                Font_16x26
 .data.SystemCoreClock
                0x20000034        0x4 ./Core/Src/system_stm32f3xx.o
                0x20000034                SystemCoreClock
 .data.uwTickPrio
                0x20000038        0x4 ./Drivers/STM32F3xx_HAL_Driver/Src/stm32f3xx_hal.o
                0x20000038                uwTickPrio
 .data.uwTickFreq
                0x2000003c        0x1 ./Drivers/STM32F3xx_HAL_Driver/Src/stm32f3xx_hal.o
                0x2000003c                uwTickFreq
 .data.Stat     0x2000003d        0x1 ./FATFS/Target/user_diskio.o
 *fill*         0x2000003e        0x2 
 .data.USER_Driver
                0x20000040       0x14 ./FATFS/Target/user_diskio.o
                0x20000040                USER_Driver
 .data._impure_ptr
                0x20000054        0x4 /home/jakub/st/stm32cubeide_2.0.0/plugins/com.st.stm32cube.ide.mcu.externaltools.gnu-tools-for-stm32.13.3.rel1.linux64_1.0.100.202509120712/tools/bin/../lib/gcc/arm-none-eabi/13.3.1/../../../../arm-none-eabi/lib/thumb/v7e-m+fp/hard/libc_nano.a(libc_a-impure.o)
                0x20000054                _impure_ptr
 .data._impure_data
                0x20000058       0x4c /home/jakub/st/stm32cubeide_2.0.0/plugins/com.st.stm32cube.ide.mcu.externaltools.gnu-tools-for-stm32.13.3.rel1.linux64_1.0.100.202509120712/tools/bin/../lib/gcc/arm-none-eabi/13.3.1/../../../../arm-none-eabi/lib/thumb/v7e-m+fp/hard/libc_nano.a(libc_a-impure.o)
                0x20000058                _impure_data
 *(.RamFunc)
 *(.RamFunc*)
                0x200000a4                        . = ALIGN (0x4)
                0x200000a4                        _edata = .
                0x0800d6a4                        _siccmram = LOADADDR (.ccmram)

.igot.plt       0x200000a4        0x0 load address 0x0800d6a4
 .igot.plt      0x200000a4        0x0 /home/jakub/st/stm32cubeide_2.0.0/plugins/com.st.stm32cube.ide.mcu.externaltools.gnu-tools-for-stm32.13.3.rel1.linux64_1.0.100.202509120712/tools/bin/../lib/gcc/arm-none-eabi/13.3.1/thumb/v7e-m+fp/hard/crtbegin.o

.ccmram         0x10000000        0x0 load address 0x0800d6a4
                0x10000000                        . = ALIGN (0x4)
                0x10000000                        _sccmram = .
 *(.ccmram)
 *(.ccmram*)
                0x10000000                        . = ALIGN (0x4)
                0x10000000                        _eccmram = .
                0x10000000                        . = ALIGN (0x4)

.bss            0x200000a4     0x1558
                0x200000a4                        _sbss = .
                0x200000a4                        __bss_start__ = _sbss
 *(.bss)
 .bss           0x200000a4       0x1c /home/jakub/st/stm32cubeide_2.0.0/plugins/com.st.stm32cube.ide.mcu.externaltools.gnu-tools-for-stm32.13.3.rel1.linux64_1.0.100.202509120712/tools/bin/../lib/gcc/arm-none-eabi/13.3.1/thumb/v7e-m+fp/hard/crtbegin.o
 *(.bss*)
 .bss.stringBuffer
                0x200000c0       0x40 ./Core/Src/app_ui.o
 .bss.maxSpeed.7
                0x20000100        0x2 ./Core/Src/app_ui.o
 *fill*         0x20000102        0x2 
 .bss.maxAccel.6
                0x20000104        0x4 ./Core/Src/app_ui.o
 .bss.maxPower.5
                0x20000108        0x4 ./Core/Src/app_ui.o
 .bss.hEncoderTimer
                0x2000010c        0x4 ./Core/Src/input_handler.o
 .bss.previousEncoderCount
                0x20000110        0x2 ./Core/Src/input_handler.o
 *fill*         0x20000112        0x2 
 .bss.lastButtonPressTime
                0x20000114        0x4 ./Core/Src/input_handler.o
 .bss.massInputBuffer
                0x20000118        0x4 ./Core/Src/input_handler.o
                0x20000118                massInputBuffer
 .bss.inputCursorIndex
                0x2000011c        0x1 ./Core/Src/input_handler.o
                0x2000011c                inputCursorIndex
 .bss.menuSelection
                0x2000011d        0x1 ./Core/Src/input_handler.o
                0x2000011d                menuSelection
 .bss.vehicleMassKg
                0x2000011e        0x2 ./Core/Src/input_handler.o
                0x2000011e                vehicleMassKg
 .bss.pauseMenuOption
                0x20000120        0x1 ./Core/Src/input_handler.o
                0x20000120                pauseMenuOption
 .bss.currentAppState
                0x20000121        0x1 ./Core/Src/main.o
                0x20000121                currentAppState
 *fill*         0x20000122        0x2 
 .bss.telemetryData
                0x20000124       0x10 ./Core/Src/main.o
                0x20000124                telemetryData
 .bss.rxBufferIndex
                0x20000134        0x1 ./Core/Src/main.o
                0x20000134                rxBufferIndex
 .bss.rxByte    0x20000135        0x1 ./Core/Src/main.o
                0x20000135                rxByte
 .bss.isLineReady
                0x20000136        0x1 ./Core/Src/main.o
                0x20000136                isLineReady
 .bss.uiRefreshRequest
                0x20000137        0x1 ./Core/Src/main.o
                0x20000137                uiRefreshRequest
 .bss.rxBuffer  0x20000138       0x40 ./Core/Src/main.o
                0x20000138                rxBuffer
 .bss.previousAppState.3
                0x20000178        0x1 ./Core/Src/main.o
 .bss.calibrationStateInitialized.2
                0x20000179        0x1 ./Core/Src/main.o
 *fill*         0x2000017a        0x2 
 .bss.calibrationTimer.1
                0x2000017c        0x4 ./Core/Src/main.o
 .bss.lastCalibPing.0
                0x20000180        0x4 ./Core/Src/main.o
 .bss.fileSystem
                0x20000184      0x230 ./Core/Src/sd_logger.o
 .bss.logFile   0x200003b4      0x22c ./Core/Src/sd_logger.o
 .bss.dataBuffer
                0x200005e0      0x200 ./Core/Src/sd_logger.o
 .bss.bufferIndex
                0x200007e0        0x2 ./Core/Src/sd_logger.o
 *fill*         0x200007e2        0x2 
 .bss.recordingStartTime
                0x200007e4        0x4 ./Core/Src/sd_logger.o
 .bss.sdCardStatus
                0x200007e8        0x1 ./Core/Src/sd_logger.o
 .bss.isFileOpen
                0x200007e9        0x1 ./Core/Src/sd_logger.o
 .bss.isCardEjected
                0x200007ea        0x1 ./Core/Src/sd_logger.o
 *fill*         0x200007eb        0x1 
 .bss.lastConnectionCheckTime
                0x200007ec        0x4 ./Core/Src/sd_logger.o
 .bss.lastSyncTime
                0x200007f0        0x4 ./Core/Src/sd_logger.o
 .bss.hspi1     0x200007f4       0x64 ./Core/Src/spi.o
                0x200007f4                hspi1
 .bss.hdma_spi1_tx
                0x20000858       0x44 ./Core/Src/spi.o
                0x20000858                hdma_spi1_tx
 .bss.st7789_char_buf
                0x2000089c      0x800 ./Core/Src/st7789.o
 .bss.st7789_rect_buf
                0x2000109c      0x280 ./Core/Src/st7789.o
 .bss.__sbrk_heap_end
                0x2000131c        0x4 ./Core/Src/sysmem.o
 .bss.htim3     0x20001320       0x4c ./Core/Src/tim.o
                0x20001320                htim3
 .bss.huart1    0x2000136c       0x88 ./Core/Src/usart.o
                0x2000136c                huart1
 .bss.huart2    0x200013f4       0x88 ./Core/Src/usart.o
                0x200013f4                huart2
 .bss.uwTick    0x2000147c        0x4 ./Drivers/STM32F3xx_HAL_Driver/Src/stm32f3xx_hal.o
                0x2000147c                uwTick
 .bss.retUSER   0x20001480        0x1 ./FATFS/App/fatfs.o
                0x20001480                retUSER
 *fill*         0x20001481        0x3 
 .bss.USERPath  0x20001484        0x4 ./FATFS/App/fatfs.o
                0x20001484                USERPath
 .bss.FatFs     0x20001488        0x4 ./Middlewares/Third_Party/FatFs/src/ff.o
 .bss.Fsid      0x2000148c        0x2 ./Middlewares/Third_Party/FatFs/src/ff.o
 *fill*         0x2000148e        0x2 
 .bss.Files     0x20001490       0x18 ./Middlewares/Third_Party/FatFs/src/ff.o
 .bss.disk      0x200014a8        0xc ./Middlewares/Third_Party/FatFs/src/ff_gen_drv.o
                0x200014a8                disk
 .bss.__sf      0x200014b4      0x138 /home/jakub/st/stm32cubeide_2.0.0/plugins/com.st.stm32cube.ide.mcu.externaltools.gnu-tools-for-stm32.13.3.rel1.linux64_1.0.100.202509120712/tools/bin/../lib/gcc/arm-none-eabi/13.3.1/../../../../arm-none-eabi/lib/thumb/v7e-m+fp/hard/libc_nano.a(libc_a-findfp.o)
                0x200014b4                __sf
 .bss.errno     0x200015ec        0x4 /home/jakub/st/stm32cubeide_2.0.0/plugins/com.st.stm32cube.ide.mcu.externaltools.gnu-tools-for-stm32.13.3.rel1.linux64_1.0.100.202509120712/tools/bin/../lib/gcc/arm-none-eabi/13.3.1/../../../../arm-none-eabi/lib/thumb/v7e-m+fp/hard/libc_nano.a(libc_a-reent.o)
                0x200015ec                errno
 .bss.__lock___malloc_recursive_mutex
                0x200015f0        0x1 /home/jakub/st/stm32cubeide_2.0.0/plugins/com.st.stm32cube.ide.mcu.externaltools.gnu-tools-for-stm32.13.3.rel1.linux64_1.0.100.202509120712/tools/bin/../lib/gcc/arm-none-eabi/13.3.1/../../../../arm-none-eabi/lib/thumb/v7e-m+fp/hard/libc_nano.a(libc_a-lock.o)
                0x200015f0                __lock___malloc_recursive_mutex
 *fill*         0x200015f1        0x3 
 .bss.__malloc_sbrk_start
                0x200015f4        0x4 /home/jakub/st/stm32cubeide_2.0.0/plugins/com.st.stm32cube.ide.mcu.externaltools.gnu-tools-for-stm32.13.3.rel1.linux64_1.0.100.202509120712/tools/bin/../lib/gcc/arm-none-eabi/13.3.1/../../../../arm-none-eabi/lib/thumb/v7e-m+fp/hard/libc_nano.a(libc_a-mallocr.o)
                0x200015f4                __malloc_sbrk_start
 .bss.__malloc_free_list
                0x200015f8        0x4 /home/jakub/st/stm32cubeide_2.0.0/plugins/com.st.stm32cube.ide.mcu.externaltools.gnu-tools-for-stm32.13.3.rel1.linux64_1.0.100.202509120712/tools/bin/../lib/gcc/arm-none-eabi/13.3.1/../../../../arm-none-eabi/lib/thumb/v7e-m+fp/hard/libc_nano.a(libc_a-mallocr.o)
                0x200015f8                __malloc_free_list
 *(COMMON)
                0x200015fc                        . = ALIGN (0x4)
                0x200015fc                        _ebss = .
                0x200015fc                        __bss_end__ = _ebss

._user_heap_stack
                0x200015fc      0x604
                0x20001600                        . = ALIGN (0x8)
 *fill*         0x200015fc        0x4 
                [!provide]                        PROVIDE (end = .)
                0x20001600                        PROVIDE (_end = .)
                0x20001800                        . = (. + _Min_Heap_Size)
 *fill*         0x20001600      0x200 
                0x20001c00                        . = (. + _Min_Stack_Size)
 *fill*         0x20001800      0x400 
                0x20001c00                        . = ALIGN (0x8)

/DISCARD/
 libc.a(*)
 libm.a(*)
 libgcc.a(*)

.ARM.attributes
                0x00000000       0x30
 *(.ARM.attributes)
 .ARM.attributes
                0x00000000       0x22 /home/jakub/st/stm32cubeide_2.0.0/plugins/com.st.stm32cube.ide.mcu.externaltools.gnu-tools-for-stm32.13.3.rel1.linux64_1.0.100.202509120712/tools/bin/../lib/gcc/arm-none-eabi/13.3.1/thumb/v7e-m+fp/hard/crti.o
 .ARM.attributes
                0x00000022       0x34 /home/jakub/st/stm32cubeide_2.0.0/plugins/com.st.stm32cube.ide.mcu.externaltools.gnu-tools-for-stm32.13.3.rel1.linux64_1.0.100.202509120712/tools/bin/../lib/gcc/arm-none-eabi/13.3.1/thumb/v7e-m+fp/hard/crtbegin.o
 .ARM.attributes
                0x00000056       0x34 ./Core/Src/app_ui.o
 .ARM.attributes
                0x0000008a       0x34 ./Core/Src/dma.o
 .ARM.attributes
                0x000000be       0x34 ./Core/Src/fonts.o
 .ARM.attributes
                0x000000f2       0x34 ./Core/Src/gpio.o
 .ARM.attributes
                0x00000126       0x34 ./Core/Src/input_handler.o
 .ARM.attributes
                0x0000015a       0x34 ./Core/Src/main.o
 .ARM.attributes
                0x0000018e       0x34 ./Core/Src/sd_logger.o
 .ARM.attributes
                0x000001c2       0x34 ./Core/Src/spi.o
 .ARM.attributes
                0x000001f6       0x34 ./Core/Src/st7789.o
 .ARM.attributes
                0x0000022a       0x34 ./Core/Src/stm32f3xx_hal_msp.o
 .ARM.attributes
                0x0000025e       0x34 ./Core/Src/stm32f3xx_it.o
 .ARM.attributes
                0x00000292       0x34 ./Core/Src/sysmem.o
 .ARM.attributes
                0x000002c6       0x34 ./Core/Src/system_stm32f3xx.o
 .ARM.attributes
                0x000002fa       0x34 ./Core/Src/tim.o
 .ARM.attributes
                0x0000032e       0x34 ./Core/Src/usart.o
 .ARM.attributes
                0x00000362       0x34 ./Core/Src/utils.o
 .ARM.attributes
                0x00000396       0x21 ./Core/Startup/startup_stm32f303k8tx.o
 .ARM.attributes
                0x000003b7       0x34 ./Drivers/STM32F3xx_HAL_Driver/Src/stm32f3xx_hal.o
 .ARM.attributes
                0x000003eb       0x34 ./Drivers/STM32F3xx_HAL_Driver/Src/stm32f3xx_hal_cortex.o
 .ARM.attributes
                0x0000041f       0x34 ./Drivers/STM32F3xx_HAL_Driver/Src/stm32f3xx_hal_dma.o
 .ARM.attributes
                0x00000453       0x34 ./Drivers/STM32F3xx_HAL_Driver/Src/stm32f3xx_hal_gpio.o
 .ARM.attributes
                0x00000487       0x34 ./Drivers/STM32F3xx_HAL_Driver/Src/stm32f3xx_hal_rcc.o
 .ARM.attributes
                0x000004bb       0x34 ./Drivers/STM32F3xx_HAL_Driver/Src/stm32f3xx_hal_rcc_ex.o
 .ARM.attributes
                0x000004ef       0x34 ./Drivers/STM32F3xx_HAL_Driver/Src/stm32f3xx_hal_spi.o
 .ARM.attributes
                0x00000523       0x34 ./Drivers/STM32F3xx_HAL_Driver/Src/stm32f3xx_hal_tim.o
 .ARM.attributes
                0x00000557       0x34 ./Drivers/STM32F3xx_HAL_Driver/Src/stm32f3xx_hal_tim_ex.o
 .ARM.attributes
                0x0000058b       0x34 ./Drivers/STM32F3xx_HAL_Driver/Src/stm32f3xx_hal_uart.o
 .ARM.attributes
                0x000005bf       0x34 ./Drivers/STM32F3xx_HAL_Driver/Src/stm32f3xx_hal_uart_ex.o
 .ARM.attributes
                0x000005f3       0x34 ./FATFS/App/fatfs.o
 .ARM.attributes
                0x00000627       0x34 ./FATFS/Target/user_diskio.o
 .ARM.attributes
                0x0000065b       0x34 ./Middlewares/Third_Party/FatFs/src/diskio.o
 .ARM.attributes
                0x0000068f       0x34 ./Middlewares/Third_Party/FatFs/src/ff.o
 .ARM.attributes
                0x000006c3       0x34 ./Middlewares/Third_Party/FatFs/src/ff_gen_drv.o
 .ARM.attributes
                0x000006f7       0x34 /home/jakub/st/stm32cubeide_2.0.0/plugins/com.st.stm32cube.ide.mcu.externaltools.gnu-tools-for-stm32.13.3.rel1.linux64_1.0.100.202509120712/tools/bin/../lib/gcc/arm-none-eabi/13.3.1/../../../../arm-none-eabi/lib/thumb/v7e-m+fp/hard/libc_nano.a(libc_a-findfp.o)
 .ARM.attributes
                0x0000072b       0x34 /home/jakub/st/stm32cubeide_2.0.0/plugins/com.st.stm32cube.ide.mcu.externaltools.gnu-tools-for-stm32.13.3.rel1.linux64_1.0.100.202509120712/tools/bin/../lib/gcc/arm-none-eabi/13.3.1/../../../../arm-none-eabi/lib/thumb/v7e-m+fp/hard/libc_nano.a(libc_a-sprintf.o)
 .ARM.attributes
                0x0000075f       0x34 /home/jakub/st/stm32cubeide_2.0.0/plugins/com.st.stm32cube.ide.mcu.externaltools.gnu-tools-for-stm32.13.3.rel1.linux64_1.0.100.202509120712/tools/bin/../lib/gcc/arm-none-eabi/13.3.1/../../../../arm-none-eabi/lib/thumb/v7e-m+fp/hard/libc_nano.a(libc_a-memset.o)
 .ARM.attributes
                0x00000793       0x34 /home/jakub/st/stm32cubeide_2.0.0/plugins/com.st.stm32cube.ide.mcu.externaltools.gnu-tools-for-stm32.13.3.rel1.linux64_1.0.100.202509120712/tools/bin/../lib/gcc/arm-none-eabi/13.3.1/../../../../arm-none-eabi/lib/thumb/v7e-m+fp/hard/libc_nano.a(libc_a-strstr.o)
 .ARM.attributes
                0x000007c7       0x34 /home/jakub/st/stm32cubeide_2.0.0/plugins/com.st.stm32cube.ide.mcu.externaltools.gnu-tools-for-stm32.13.3.rel1.linux64_1.0.100.202509120712/tools/bin/../lib/gcc/arm-none-eabi/13.3.1/../../../../arm-none-eabi/lib/thumb/v7e-m+fp/hard/libc_nano.a(libc_a-reent.o)
 .ARM.attributes
                0x000007fb       0x34 /home/jakub/st/stm32cubeide_2.0.0/plugins/com.st.stm32cube.ide.mcu.externaltools.gnu-tools-for-stm32.13.3.rel1.linux64_1.0.100.202509120712/tools/bin/../lib/gcc/arm-none-eabi/13.3.1/../../../../arm-none-eabi/lib/thumb/v7e-m+fp/hard/libc_nano.a(libc_a-impure.o)
 .ARM.attributes
                0x0000082f       0x34 /home/jakub/st/stm32cubeide_2.0.0/plugins/com.st.stm32cube.ide.mcu.externaltools.gnu-tools-for-stm32.13.3.rel1.linux64_1.0.100.202509120712/tools/bin/../lib/gcc/arm-none-eabi/13.3.1/../../../../arm-none-eabi/lib/thumb/v7e-m+fp/hard/libc_nano.a(libc_a-errno.o)
 .ARM.attributes
                0x00000863       0x34 /home/jakub/st/stm32cubeide_2.0.0/plugins/com.st.stm32cube.ide.mcu.externaltools.gnu-tools-for-stm32.13.3.rel1.linux64_1.0.100.202509120712/tools/bin/../lib/gcc/arm-none-eabi/13.3.1/../../../../arm-none-eabi/lib/thumb/v7e-m+fp/hard/libc_nano.a(libc_a-init.o)
 .ARM.attributes
                0x00000897       0x34 /home/jakub/st/stm32cubeide_2.0.0/plugins/com.st.stm32cube.ide.mcu.externaltools.gnu-tools-for-stm32.13.3.rel1.linux64_1.0.100.202509120712/tools/bin/../lib/gcc/arm-none-eabi/13.3.1/../../../../arm-none-eabi/lib/thumb/v7e-m+fp/hard/libc_nano.a(libc_a-lock.o)
 .ARM.attributes
                0x000008cb       0x17 /home/jakub/st/stm32cubeide_2.0.0/plugins/com.st.stm32cube.ide.mcu.externaltools.gnu-tools-for-stm32.13.3.rel1.linux64_1.0.100.202509120712/tools/bin/../lib/gcc/arm-none-eabi/13.3.1/../../../../arm-none-eabi/lib/thumb/v7e-m+fp/hard/libc_nano.a(libc_a-strlen.o)
 .ARM.attributes
                0x000008e2       0x34 /home/jakub/st/stm32cubeide_2.0.0/plugins/com.st.stm32cube.ide.mcu.externaltools.gnu-tools-for-stm32.13.3.rel1.linux64_1.0.100.202509120712/tools/bin/../lib/gcc/arm-none-eabi/13.3.1/../../../../arm-none-eabi/lib/thumb/v7e-m+fp/hard/libc_nano.a(libc_a-freer.o)
 .ARM.attributes
                0x00000916       0x34 /home/jakub/st/stm32cubeide_2.0.0/plugins/com.st.stm32cube.ide.mcu.externaltools.gnu-tools-for-stm32.13.3.rel1.linux64_1.0.100.202509120712/tools/bin/../lib/gcc/arm-none-eabi/13.3.1/../../../../arm-none-eabi/lib/thumb/v7e-m+fp/hard/libc_nano.a(libc_a-mallocr.o)
 .ARM.attributes
                0x0000094a       0x34 /home/jakub/st/stm32cubeide_2.0.0/plugins/com.st.stm32cube.ide.mcu.externaltools.gnu-tools-for-stm32.13.3.rel1.linux64_1.0.100.202509120712/tools/bin/../lib/gcc/arm-none-eabi/13.3.1/../../../../arm-none-eabi/lib/thumb/v7e-m+fp/hard/libc_nano.a(libc_a-mlock.o)
 .ARM.attributes
                0x0000097e       0x34 /home/jakub/st/stm32cubeide_2.0.0/plugins/com.st.stm32cube.ide.mcu.externaltools.gnu-tools-for-stm32.13.3.rel1.linux64_1.0.100.202509120712/tools/bin/../lib/gcc/arm-none-eabi/13.3.1/../../../../arm-none-eabi/lib/thumb/v7e-m+fp/hard/libc_nano.a(libc_a-nano-svfprintf.o)
 .ARM.attributes
                0x000009b2       0x34 /home/jakub/st/stm32cubeide_2.0.0/plugins/com.st.stm32cube.ide.mcu.externaltools.gnu-tools-for-stm32.13.3.rel1.linux64_1.0.100.202509120712/tools/bin/../lib/gcc/arm-none-eabi/13.3.1/../../../../arm-none-eabi/lib/thumb/v7e-m+fp/hard/libc_nano.a(libc_a-nano-vfprintf_i.o)
 .ARM.attributes
                0x000009e6       0x34 /home/jakub/st/stm32cubeide_2.0.0/plugins/com.st.stm32cube.ide.mcu.externaltools.gnu-tools-for-stm32.13.3.rel1.linux64_1.0.100.202509120712/tools/bin/../lib/gcc/arm-none-eabi/13.3.1/../../../../arm-none-eabi/lib/thumb/v7e-m+fp/hard/libc_nano.a(libc_a-memmove.o)
 .ARM.attributes
                0x00000a1a       0x34 /home/jakub/st/stm32cubeide_2.0.0/plugins/com.st.stm32cube.ide.mcu.externaltools.gnu-tools-for-stm32.13.3.rel1.linux64_1.0.100.202509120712/tools/bin/../lib/gcc/arm-none-eabi/13.3.1/../../../../arm-none-eabi/lib/thumb/v7e-m+fp/hard/libc_nano.a(libc_a-sbrkr.o)
 .ARM.attributes
                0x00000a4e       0x1c /home/jakub/st/stm32cubeide_2.0.0/plugins/com.st.stm32cube.ide.mcu.externaltools.gnu-tools-for-stm32.13.3.rel1.linux64_1.0.100.202509120712/tools/bin/../lib/gcc/arm-none-eabi/13.3.1/../../../../arm-none-eabi/lib/thumb/v7e-m+fp/hard/libc_nano.a(libc_a-memchr.o)
 .ARM.attributes
                0x00000a6a       0x34 /home/jakub/st/stm32cubeide_2.0.0/plugins/com.st.stm32cube.ide.mcu.externaltools.gnu-tools-for-stm32.13.3.rel1.linux64_1.0.100.202509120712/tools/bin/../lib/gcc/arm-none-eabi/13.3.1/../../../../arm-none-eabi/lib/thumb/v7e-m+fp/hard/libc_nano.a(libc_a-memcpy-stub.o)
 .ARM.attributes
                0x00000a9e       0x34 /home/jakub/st/stm32cubeide_2.0.0/plugins/com.st.stm32cube.ide.mcu.externaltools.gnu-tools-for-stm32.13.3.rel1.linux64_1.0.100.202509120712/tools/bin/../lib/gcc/arm-none-eabi/13.3.1/../../../../arm-none-eabi/lib/thumb/v7e-m+fp/hard/libc_nano.a(libc_a-reallocr.o)
 .ARM.attributes
                0x00000ad2       0x34 /home/jakub/st/stm32cubeide_2.0.0/plugins/com.st.stm32cube.ide.mcu.externaltools.gnu-tools-for-stm32.13.3.rel1.linux64_1.0.100.202509120712/tools/bin/../lib/gcc/arm-none-eabi/13.3.1/../../../../arm-none-eabi/lib/thumb/v7e-m+fp/hard/libc_nano.a(libc_a-msizer.o)
 .ARM.attributes
                0x00000b06       0x22 /home/jakub/st/stm32cubeide_2.0.0/plugins/com.st.stm32cube.ide.mcu.externaltools.gnu-tools-for-stm32.13.3.rel1.linux64_1.0.100.202509120712/tools/bin/../lib/gcc/arm-none-eabi/13.3.1/thumb/v7e-m+fp/hard/crtn.o
OUTPUT(MPRP_pomocniczy.elf elf32-littlearm)
LOAD linker stubs
LOAD /home/jakub/st/stm32cubeide_2.0.0/plugins/com.st.stm32cube.ide.mcu.externaltools.gnu-tools-for-stm32.13.3.rel1.linux64_1.0.100.202509120712/tools/bin/../lib/gcc/arm-none-eabi/13.3.1/../../../../arm-none-eabi/lib/thumb/v7e-m+fp/hard/libc.a
LOAD /home/jakub/st/stm32cubeide_2.0.0/plugins/com.st.stm32cube.ide.mcu.externaltools.gnu-tools-for-stm32.13.3.rel1.linux64_1.0.100.202509120712/tools/bin/../lib/gcc/arm-none-eabi/13.3.1/../../../../arm-none-eabi/lib/thumb/v7e-m+fp/hard/libm.a
LOAD /home/jakub/st/stm32cubeide_2.0.0/plugins/com.st.stm32cube.ide.mcu.externaltools.gnu-tools-for-stm32.13.3.rel1.linux64_1.0.100.202509120712/tools/bin/../lib/gcc/arm-none-eabi/13.3.1/thumb/v7e-m+fp/hard/libgcc.a

.debug_info     0x00000000    0x1873b
 .debug_info    0x00000000      0xaa8 ./Core/Src/app_ui.o
 .debug_info    0x00000aa8      0x2f3 ./Core/Src/dma.o
 .debug_info    0x00000d9b      0x1e9 ./Core/Src/fonts.o
 .debug_info    0x00000f84      0x321 ./Core/Src/gpio.o
 .debug_info    0x000012a5      0xbe4 ./Core/Src/input_handler.o
 .debug_info    0x00001e89     0x1495 ./Core/Src/main.o
 .debug_info    0x0000331e      0x8e9 ./Core/Src/sd_logger.o
 .debug_info    0x00003c07      0x876 ./Core/Src/spi.o
 .debug_info    0x0000447d     0x106b ./Core/Src/st7789.o
 .debug_info    0x000054e8      0x18d ./Core/Src/stm32f3xx_hal_msp.o
 .debug_info    0x00005675      0x719 ./Core/Src/stm32f3xx_it.o
 .debug_info    0x00005d8e      0x168 ./Core/Src/sysmem.o
 .debug_info    0x00005ef6      0x407 ./Core/Src/system_stm32f3xx.o
 .debug_info    0x000062fd      0xa6a ./Core/Src/tim.o
 .debug_info    0x00006d67      0xb10 ./Core/Src/usart.o
 .debug_info    0x00007877      0x934 ./Core/Src/utils.o
 .debug_info    0x000081ab       0x30 ./Core/Startup/startup_stm32f303k8tx.o
 .debug_info    0x000081db      0x74a ./Drivers/STM32F3xx_HAL_Driver/Src/stm32f3xx_hal.o
 .debug_info    0x00008925      0xa87 ./Drivers/STM32F3xx_HAL_Driver/Src/stm32f3xx_hal_cortex.o
 .debug_info    0x000093ac      0x6e1 ./Drivers/STM32F3xx_HAL_Driver/Src/stm32f3xx_hal_dma.o
 .debug_info    0x00009a8d      0x6a6 ./Drivers/STM32F3xx_HAL_Driver/Src/stm32f3xx_hal_gpio.o
 .debug_info    0x0000a133     0x148a ./Drivers/STM32F3xx_HAL_Driver/Src/stm32f3xx_hal_rcc.o
 .debug_info    0x0000b5bd      0x52e ./Drivers/STM32F3xx_HAL_Driver/Src/stm32f3xx_hal_rcc_ex.o
 .debug_info    0x0000baeb     0x160a ./Drivers/STM32F3xx_HAL_Driver/Src/stm32f3xx_hal_spi.o
 .debug_info    0x0000d0f5     0x2a70 ./Drivers/STM32F3xx_HAL_Driver/Src/stm32f3xx_hal_tim.o
 .debug_info    0x0000fb65     0x156d ./Drivers/STM32F3xx_HAL_Driver/Src/stm32f3xx_hal_tim_ex.o
 .debug_info    0x000110d2     0x39a8 ./Drivers/STM32F3xx_HAL_Driver/Src/stm32f3xx_hal_uart.o
 .debug_info    0x00014a7a      0xc9c ./Drivers/STM32F3xx_HAL_Driver/Src/stm32f3xx_hal_uart_ex.o
 .debug_info    0x00015716      0x4cf ./FATFS/App/fatfs.o
 .debug_info    0x00015be5      0x328 ./FATFS/Target/user_diskio.o
 .debug_info    0x00015f0d      0x3da ./Middlewares/Third_Party/FatFs/src/diskio.o
 .debug_info    0x000162e7     0x20da ./Middlewares/Third_Party/FatFs/src/ff.o
 .debug_info    0x000183c1      0x37a ./Middlewares/Third_Party/FatFs/src/ff_gen_drv.o

.debug_abbrev   0x00000000     0x3fe3
 .debug_abbrev  0x00000000      0x278 ./Core/Src/app_ui.o
 .debug_abbrev  0x00000278       0xfc ./Core/Src/dma.o
 .debug_abbrev  0x00000374       0xd3 ./Core/Src/fonts.o
 .debug_abbrev  0x00000447      0x151 ./Core/Src/gpio.o
 .debug_abbrev  0x00000598      0x220 ./Core/Src/input_handler.o
 .debug_abbrev  0x000007b8      0x2e7 ./Core/Src/main.o
 .debug_abbrev  0x00000a9f      0x297 ./Core/Src/sd_logger.o
 .debug_abbrev  0x00000d36      0x205 ./Core/Src/spi.o
 .debug_abbrev  0x00000f3b      0x27e ./Core/Src/st7789.o
 .debug_abbrev  0x000011b9       0xc6 ./Core/Src/stm32f3xx_hal_msp.o
 .debug_abbrev  0x0000127f      0x175 ./Core/Src/stm32f3xx_it.o
 .debug_abbrev  0x000013f4       0xbc ./Core/Src/sysmem.o
 .debug_abbrev  0x000014b0      0x11a ./Core/Src/system_stm32f3xx.o
 .debug_abbrev  0x000015ca      0x20a ./Core/Src/tim.o
 .debug_abbrev  0x000017d4      0x201 ./Core/Src/usart.o
 .debug_abbrev  0x000019d5      0x213 ./Core/Src/utils.o
 .debug_abbrev  0x00001be8       0x24 ./Core/Startup/startup_stm32f303k8tx.o
 .debug_abbrev  0x00001c0c      0x215 ./Drivers/STM32F3xx_HAL_Driver/Src/stm32f3xx_hal.o
 .debug_abbrev  0x00001e21      0x2f8 ./Drivers/STM32F3xx_HAL_Driver/Src/stm32f3xx_hal_cortex.o
 .debug_abbrev  0x00002119      0x20d ./Drivers/STM32F3xx_HAL_Driver/Src/stm32f3xx_hal_dma.o
 .debug_abbrev  0x00002326      0x1ca ./Drivers/STM32F3xx_HAL_Driver/Src/stm32f3xx_hal_gpio.o
 .debug_abbrev  0x000024f0      0x300 ./Drivers/STM32F3xx_HAL_Driver/Src/stm32f3xx_hal_rcc.o
 .debug_abbrev  0x000027f0      0x221 ./Drivers/STM32F3xx_HAL_Driver/Src/stm32f3xx_hal_rcc_ex.o
 .debug_abbrev  0x00002a11      0x269 ./Drivers/STM32F3xx_HAL_Driver/Src/stm32f3xx_hal_spi.o
 .debug_abbrev  0x00002c7a      0x278 ./Drivers/STM32F3xx_HAL_Driver/Src/stm32f3xx_hal_tim.o
 .debug_abbrev  0x00002ef2      0x283 ./Drivers/STM32F3xx_HAL_Driver/Src/stm32f3xx_hal_tim_ex.o
 .debug_abbrev  0x00003175      0x2d1 ./Drivers/STM32F3xx_HAL_Driver/Src/stm32f3xx_hal_uart.o
 .debug_abbrev  0x00003446      0x2bf ./Drivers/STM32F3xx_HAL_Driver/Src/stm32f3xx_hal_uart_ex.o
 .debug_abbrev  0x00003705      0x1a8 ./FATFS/App/fatfs.o
 .debug_abbrev  0x000038ad      0x13c ./FATFS/Target/user_diskio.o
 .debug_abbrev  0x000039e9      0x181 ./Middlewares/Third_Party/FatFs/src/diskio.o
 .debug_abbrev  0x00003b6a      0x2da ./Middlewares/Third_Party/FatFs/src/ff.o
 .debug_abbrev  0x00003e44      0x19f ./Middlewares/Third_Party/FatFs/src/ff_gen_drv.o

.debug_aranges  0x00000000     0x1480
 .debug_aranges
                0x00000000       0x90 ./Core/Src/app_ui.o
 .debug_aranges
                0x00000090       0x20 ./Core/Src/dma.o
 .debug_aranges
                0x000000b0       0x18 ./Core/Src/fonts.o
 .debug_aranges
                0x000000c8       0x20 ./Core/Src/gpio.o
 .debug_aranges
                0x000000e8       0x30 ./Core/Src/input_handler.o
 .debug_aranges
                0x00000118       0x50 ./Core/Src/main.o
 .debug_aranges
                0x00000168       0x60 ./Core/Src/sd_logger.o
 .debug_aranges
                0x000001c8       0x30 ./Core/Src/spi.o
 .debug_aranges
                0x000001f8       0xc0 ./Core/Src/st7789.o
 .debug_aranges
                0x000002b8       0x20 ./Core/Src/stm32f3xx_hal_msp.o
 .debug_aranges
                0x000002d8       0x70 ./Core/Src/stm32f3xx_it.o
 .debug_aranges
                0x00000348       0x20 ./Core/Src/sysmem.o
 .debug_aranges
                0x00000368       0x28 ./Core/Src/system_stm32f3xx.o
 .debug_aranges
                0x00000390       0x30 ./Core/Src/tim.o
 .debug_aranges
                0x000003c0       0x38 ./Core/Src/usart.o
 .debug_aranges
                0x000003f8       0x40 ./Core/Src/utils.o
 .debug_aranges
                0x00000438       0x28 ./Core/Startup/startup_stm32f303k8tx.o
 .debug_aranges
                0x00000460       0xe0 ./Drivers/STM32F3xx_HAL_Driver/Src/stm32f3xx_hal.o
 .debug_aranges
                0x00000540      0x100 ./Drivers/STM32F3xx_HAL_Driver/Src/stm32f3xx_hal_cortex.o
 .debug_aranges
                0x00000640       0x88 ./Drivers/STM32F3xx_HAL_Driver/Src/stm32f3xx_hal_dma.o
 .debug_aranges
                0x000006c8       0x58 ./Drivers/STM32F3xx_HAL_Driver/Src/stm32f3xx_hal_gpio.o
 .debug_aranges
                0x00000720       0x88 ./Drivers/STM32F3xx_HAL_Driver/Src/stm32f3xx_hal_rcc.o
 .debug_aranges
                0x000007a8       0x38 ./Drivers/STM32F3xx_HAL_Driver/Src/stm32f3xx_hal_rcc_ex.o
 .debug_aranges
                0x000007e0      0x1d8 ./Drivers/STM32F3xx_HAL_Driver/Src/stm32f3xx_hal_spi.o
 .debug_aranges
                0x000009b8      0x3e0 ./Drivers/STM32F3xx_HAL_Driver/Src/stm32f3xx_hal_tim.o
 .debug_aranges
                0x00000d98      0x178 ./Drivers/STM32F3xx_HAL_Driver/Src/stm32f3xx_hal_tim_ex.o
 .debug_aranges
                0x00000f10      0x228 ./Drivers/STM32F3xx_HAL_Driver/Src/stm32f3xx_hal_uart.o
 .debug_aranges
                0x00001138       0x70 ./Drivers/STM32F3xx_HAL_Driver/Src/stm32f3xx_hal_uart_ex.o
 .debug_aranges
                0x000011a8       0x28 ./FATFS/App/fatfs.o
 .debug_aranges
                0x000011d0       0x40 ./FATFS/Target/user_diskio.o
 .debug_aranges
                0x00001210       0x48 ./Middlewares/Third_Party/FatFs/src/diskio.o
 .debug_aranges
                0x00001258      0x1e8 ./Middlewares/Third_Party/FatFs/src/ff.o
 .debug_aranges
                0x00001440       0x40 ./Middlewares/Third_Party/FatFs/src/ff_gen_drv.o

.debug_rnglists
                0x00000000      0xfcf
 .debug_rnglists
                0x00000000       0x71 ./Core/Src/app_ui.o
 .debug_rnglists
                0x00000071       0x13 ./Core/Src/dma.o
 .debug_rnglists
                0x00000084       0x14 ./Core/Src/gpio.o
 .debug_rnglists
                0x00000098       0x20 ./Core/Src/input_handler.o
 .debug_rnglists
                0x000000b8       0x3b ./Core/Src/main.o
 .debug_rnglists
                0x000000f3       0x46 ./Core/Src/sd_logger.o
 .debug_rnglists
                0x00000139       0x20 ./Core/Src/spi.o
 .debug_rnglists
                0x00000159       0x97 ./Core/Src/st7789.o
 .debug_rnglists
                0x000001f0       0x13 ./Core/Src/stm32f3xx_hal_msp.o
 .debug_rnglists
                0x00000203       0x4f ./Core/Src/stm32f3xx_it.o
 .debug_rnglists
                0x00000252       0x13 ./Core/Src/sysmem.o
 .debug_rnglists
                0x00000265       0x1a ./Core/Src/system_stm32f3xx.o
 .debug_rnglists
                0x0000027f       0x21 ./Core/Src/tim.o
 .debug_rnglists
                0x000002a0       0x26 ./Core/Src/usart.o
 .debug_rnglists
                0x000002c6       0x2e ./Core/Src/utils.o
 .debug_rnglists
                0x000002f4       0x19 ./Core/Startup/startup_stm32f303k8tx.o
 .debug_rnglists
                0x0000030d       0xa3 ./Drivers/STM32F3xx_HAL_Driver/Src/stm32f3xx_hal.o
 .debug_rnglists
                0x000003b0       0xbb ./Drivers/STM32F3xx_HAL_Driver/Src/stm32f3xx_hal_cortex.o
 .debug_rnglists
                0x0000046b       0x69 ./Drivers/STM32F3xx_HAL_Driver/Src/stm32f3xx_hal_dma.o
 .debug_rnglists
                0x000004d4       0x3f ./Drivers/STM32F3xx_HAL_Driver/Src/stm32f3xx_hal_gpio.o
 .debug_rnglists
                0x00000513       0x66 ./Drivers/STM32F3xx_HAL_Driver/Src/stm32f3xx_hal_rcc.o
 .debug_rnglists
                0x00000579       0x27 ./Drivers/STM32F3xx_HAL_Driver/Src/stm32f3xx_hal_rcc_ex.o
 .debug_rnglists
                0x000005a0      0x178 ./Drivers/STM32F3xx_HAL_Driver/Src/stm32f3xx_hal_spi.o
 .debug_rnglists
                0x00000718      0x328 ./Drivers/STM32F3xx_HAL_Driver/Src/stm32f3xx_hal_tim.o
 .debug_rnglists
                0x00000a40      0x131 ./Drivers/STM32F3xx_HAL_Driver/Src/stm32f3xx_hal_tim_ex.o
 .debug_rnglists
                0x00000b71      0x1da ./Drivers/STM32F3xx_HAL_Driver/Src/stm32f3xx_hal_uart.o
 .debug_rnglists
                0x00000d4b       0x54 ./Drivers/STM32F3xx_HAL_Driver/Src/stm32f3xx_hal_uart_ex.o
 .debug_rnglists
                0x00000d9f       0x19 ./FATFS/App/fatfs.o
 .debug_rnglists
                0x00000db8       0x2b ./FATFS/Target/user_diskio.o
 .debug_rnglists
                0x00000de3       0x31 ./Middlewares/Third_Party/FatFs/src/diskio.o
 .debug_rnglists
                0x00000e14      0x18f ./Middlewares/Third_Party/FatFs/src/ff.o
 .debug_rnglists
                0x00000fa3       0x2c ./Middlewares/Third_Party/FatFs/src/ff_gen_drv.o

.debug_macro    0x00000000    0x1f245
 .debug_macro   0x00000000      0x38f ./Core/Src/app_ui.o
 .debug_macro   0x0000038f      0xad8 ./Core/Src/app_ui.o
 .debug_macro   0x00000e67      0x164 ./Core/Src/app_ui.o
 .debug_macro   0x00000fcb       0x2e ./Core/Src/app_ui.o
 .debug_macro   0x00000ff9       0x28 ./Core/Src/app_ui.o
 .debug_macro   0x00001021       0x22 ./Core/Src/app_ui.o
 .debug_macro   0x00001043       0x8e ./Core/Src/app_ui.o
 .debug_macro   0x000010d1       0x51 ./Core/Src/app_ui.o
 .debug_macro   0x00001122      0x103 ./Core/Src/app_ui.o
 .debug_macro   0x00001225       0x6a ./Core/Src/app_ui.o
 .debug_macro   0x0000128f      0x1df ./Core/Src/app_ui.o
 .debug_macro   0x0000146e       0x1c ./Core/Src/app_ui.o
 .debug_macro   0x0000148a       0x22 ./Core/Src/app_ui.o
 .debug_macro   0x000014ac       0xd9 ./Core/Src/app_ui.o
 .debug_macro   0x00001585      0xf07 ./Core/Src/app_ui.o
 .debug_macro   0x0000248c    0x10be0 ./Core/Src/app_ui.o
 .debug_macro   0x0001306c       0x6d ./Core/Src/app_ui.o
 .debug_macro   0x000130d9     0x3574 ./Core/Src/app_ui.o
 .debug_macro   0x0001664d      0x190 ./Core/Src/app_ui.o
 .debug_macro   0x000167dd       0x55 ./Core/Src/app_ui.o
 .debug_macro   0x00016832      0x8f8 ./Core/Src/app_ui.o
 .debug_macro   0x0001712a      0x304 ./Core/Src/app_ui.o
 .debug_macro   0x0001742e      0x1b5 ./Core/Src/app_ui.o
 .debug_macro   0x000175e3      0x11b ./Core/Src/app_ui.o
 .debug_macro   0x000176fe      0x1d5 ./Core/Src/app_ui.o
 .debug_macro   0x000178d3      0x1bc ./Core/Src/app_ui.o
 .debug_macro   0x00017a8f       0x34 ./Core/Src/app_ui.o
 .debug_macro   0x00017ac3       0x3c ./Core/Src/app_ui.o
 .debug_macro   0x00017aff       0x57 ./Core/Src/app_ui.o
 .debug_macro   0x00017b56       0xc5 ./Core/Src/app_ui.o
 .debug_macro   0x00017c1b      0x19f ./Core/Src/app_ui.o
 .debug_macro   0x00017dba      0x22c ./Core/Src/app_ui.o
 .debug_macro   0x00017fe6       0x5b ./Core/Src/app_ui.o
 .debug_macro   0x00018041       0xa5 ./Core/Src/app_ui.o
 .debug_macro   0x000180e6       0x81 ./Core/Src/app_ui.o
 .debug_macro   0x00018167       0xd3 ./Core/Src/app_ui.o
 .debug_macro   0x0001823a      0x2fe ./Core/Src/app_ui.o
 .debug_macro   0x00018538      0xa60 ./Core/Src/app_ui.o
 .debug_macro   0x00018f98       0x59 ./Core/Src/app_ui.o
 .debug_macro   0x00018ff1      0x5ba ./Core/Src/app_ui.o
 .debug_macro   0x000195ab       0x44 ./Core/Src/app_ui.o
 .debug_macro   0x000195ef      0x285 ./Core/Src/app_ui.o
 .debug_macro   0x00019874       0xa0 ./Core/Src/app_ui.o
 .debug_macro   0x00019914      0x1f5 ./Core/Src/app_ui.o
 .debug_macro   0x00019b09       0x58 ./Core/Src/app_ui.o
 .debug_macro   0x00019b61       0x61 ./Core/Src/app_ui.o
 .debug_macro   0x00019bc2       0x2a ./Core/Src/app_ui.o
 .debug_macro   0x00019bec       0x43 ./Core/Src/app_ui.o
 .debug_macro   0x00019c2f       0x34 ./Core/Src/app_ui.o
 .debug_macro   0x00019c63       0x16 ./Core/Src/app_ui.o
 .debug_macro   0x00019c79       0x3c ./Core/Src/app_ui.o
 .debug_macro   0x00019cb5      0x370 ./Core/Src/app_ui.o
 .debug_macro   0x0001a025       0x16 ./Core/Src/app_ui.o
 .debug_macro   0x0001a03b       0x4a ./Core/Src/app_ui.o
 .debug_macro   0x0001a085       0x34 ./Core/Src/app_ui.o
 .debug_macro   0x0001a0b9       0x10 ./Core/Src/app_ui.o
 .debug_macro   0x0001a0c9       0x58 ./Core/Src/app_ui.o
 .debug_macro   0x0001a121       0x8e ./Core/Src/app_ui.o
 .debug_macro   0x0001a1af       0x1c ./Core/Src/app_ui.o
 .debug_macro   0x0001a1cb      0x185 ./Core/Src/app_ui.o
 .debug_macro   0x0001a350       0x16 ./Core/Src/app_ui.o
 .debug_macro   0x0001a366       0x16 ./Core/Src/app_ui.o
 .debug_macro   0x0001a37c      0x146 ./Core/Src/app_ui.o
 .debug_macro   0x0001a4c2       0x16 ./Core/Src/app_ui.o
 .debug_macro   0x0001a4d8       0x20 ./Core/Src/app_ui.o
 .debug_macro   0x0001a4f8      0x19b ./Core/Src/app_ui.o
 .debug_macro   0x0001a693       0x16 ./Core/Src/app_ui.o
 .debug_macro   0x0001a6a9       0x16 ./Core/Src/app_ui.o
 .debug_macro   0x0001a6bf       0x29 ./Core/Src/app_ui.o
 .debug_macro   0x0001a6e8      0x1f3 ./Core/Src/dma.o
 .debug_macro   0x0001a8db       0x6d ./Core/Src/fonts.o
 .debug_macro   0x0001a948      0x1f3 ./Core/Src/gpio.o
 .debug_macro   0x0001ab3b      0x2c9 ./Core/Src/input_handler.o
 .debug_macro   0x0001ae04      0x3c6 ./Core/Src/main.o
 .debug_macro   0x0001b1ca       0xde ./Core/Src/main.o
 .debug_macro   0x0001b2a8       0xf5 ./Core/Src/main.o
 .debug_macro   0x0001b39d       0x8e ./Core/Src/main.o
 .debug_macro   0x0001b42b       0x10 ./Core/Src/main.o
 .debug_macro   0x0001b43b       0x1c ./Core/Src/main.o
 .debug_macro   0x0001b457       0x1c ./Core/Src/main.o
 .debug_macro   0x0001b473       0x4c ./Core/Src/main.o
 .debug_macro   0x0001b4bf      0x341 ./Core/Src/sd_logger.o
 .debug_macro   0x0001b800       0xd8 ./Core/Src/sd_logger.o
 .debug_macro   0x0001b8d8      0x1f3 ./Core/Src/spi.o
 .debug_macro   0x0001bacb      0x2d0 ./Core/Src/st7789.o
 .debug_macro   0x0001bd9b      0x1e9 ./Core/Src/stm32f3xx_hal_msp.o
 .debug_macro   0x0001bf84      0x1f3 ./Core/Src/stm32f3xx_it.o
 .debug_macro   0x0001c177      0x112 ./Core/Src/sysmem.o
 .debug_macro   0x0001c289      0x23c ./Core/Src/sysmem.o
 .debug_macro   0x0001c4c5      0x1da ./Core/Src/system_stm32f3xx.o
 .debug_macro   0x0001c69f      0x1f3 ./Core/Src/tim.o
 .debug_macro   0x0001c892      0x1f3 ./Core/Src/usart.o
 .debug_macro   0x0001ca85      0x2ff ./Core/Src/utils.o
 .debug_macro   0x0001cd84       0x9e ./Core/Src/utils.o
 .debug_macro   0x0001ce22      0x112 ./Core/Src/utils.o
 .debug_macro   0x0001cf34       0x4f ./Core/Src/utils.o
 .debug_macro   0x0001cf83      0x1fe ./Drivers/STM32F3xx_HAL_Driver/Src/stm32f3xx_hal.o
 .debug_macro   0x0001d181      0x1da ./Drivers/STM32F3xx_HAL_Driver/Src/stm32f3xx_hal_cortex.o
 .debug_macro   0x0001d35b      0x1da ./Drivers/STM32F3xx_HAL_Driver/Src/stm32f3xx_hal_dma.o
 .debug_macro   0x0001d535      0x1e1 ./Drivers/STM32F3xx_HAL_Driver/Src/stm32f3xx_hal_gpio.o
 .debug_macro   0x0001d716      0x1fe ./Drivers/STM32F3xx_HAL_Driver/Src/stm32f3xx_hal_rcc.o
 .debug_macro   0x0001d914      0x1da ./Drivers/STM32F3xx_HAL_Driver/Src/stm32f3xx_hal_rcc_ex.o
 .debug_macro   0x0001daee      0x1e2 ./Drivers/STM32F3xx_HAL_Driver/Src/stm32f3xx_hal_spi.o
 .debug_macro   0x0001dcd0      0x1db ./Drivers/STM32F3xx_HAL_Driver/Src/stm32f3xx_hal_tim.o
 .debug_macro   0x0001deab      0x1da ./Drivers/STM32F3xx_HAL_Driver/Src/stm32f3xx_hal_tim_ex.o
 .debug_macro   0x0001e085      0x1f7 ./Drivers/STM32F3xx_HAL_Driver/Src/stm32f3xx_hal_uart.o
 .debug_macro   0x0001e27c      0x1da ./Drivers/STM32F3xx_HAL_Driver/Src/stm32f3xx_hal_uart_ex.o
 .debug_macro   0x0001e456      0x23c ./FATFS/App/fatfs.o
 .debug_macro   0x0001e692      0x2f1 ./FATFS/Target/user_diskio.o
 .debug_macro   0x0001e983      0x229 ./Middlewares/Third_Party/FatFs/src/diskio.o
 .debug_macro   0x0001ebac      0x470 ./Middlewares/Third_Party/FatFs/src/ff.o
 .debug_macro   0x0001f01c      0x229 ./Middlewares/Third_Party/FatFs/src/ff_gen_drv.o

.debug_line     0x00000000    0x1dba0
 .debug_line    0x00000000      0xf24 ./Core/Src/app_ui.o
 .debug_line    0x00000f24      0x6f4 ./Core/Src/dma.o
 .debug_line    0x00001618      0x36f ./Core/Src/fonts.o
 .debug_line    0x00001987      0x736 ./Core/Src/gpio.o
 .debug_line    0x000020bd      0xa2c ./Core/Src/input_handler.o
 .debug_line    0x00002ae9      0xd2d ./Core/Src/main.o
 .debug_line    0x00003816      0xd81 ./Core/Src/sd_logger.o
 .debug_line    0x00004597      0x79c ./Core/Src/spi.o
 .debug_line    0x00004d33      0xf83 ./Core/Src/st7789.o
 .debug_line    0x00005cb6      0x6f8 ./Core/Src/stm32f3xx_hal_msp.o
 .debug_line    0x000063ae      0x7d7 ./Core/Src/stm32f3xx_it.o
 .debug_line    0x00006b85      0x4e5 ./Core/Src/sysmem.o
 .debug_line    0x0000706a      0x772 ./Core/Src/system_stm32f3xx.o
 .debug_line    0x000077dc      0x787 ./Core/Src/tim.o
 .debug_line    0x00007f63      0x7e3 ./Core/Src/usart.o
 .debug_line    0x00008746      0xa29 ./Core/Src/utils.o
 .debug_line    0x0000916f       0x7a ./Core/Startup/startup_stm32f303k8tx.o
 .debug_line    0x000091e9      0x9ae ./Drivers/STM32F3xx_HAL_Driver/Src/stm32f3xx_hal.o
 .debug_line    0x00009b97      0xb72 ./Drivers/STM32F3xx_HAL_Driver/Src/stm32f3xx_hal_cortex.o
 .debug_line    0x0000a709      0xc78 ./Drivers/STM32F3xx_HAL_Driver/Src/stm32f3xx_hal_dma.o
 .debug_line    0x0000b381      0xae5 ./Drivers/STM32F3xx_HAL_Driver/Src/stm32f3xx_hal_gpio.o
 .debug_line    0x0000be66     0x150d ./Drivers/STM32F3xx_HAL_Driver/Src/stm32f3xx_hal_rcc.o
 .debug_line    0x0000d373      0xa6e ./Drivers/STM32F3xx_HAL_Driver/Src/stm32f3xx_hal_rcc_ex.o
 .debug_line    0x0000dde1     0x203e ./Drivers/STM32F3xx_HAL_Driver/Src/stm32f3xx_hal_spi.o
 .debug_line    0x0000fe1f     0x3c79 ./Drivers/STM32F3xx_HAL_Driver/Src/stm32f3xx_hal_tim.o
 .debug_line    0x00013a98     0x196d ./Drivers/STM32F3xx_HAL_Driver/Src/stm32f3xx_hal_tim_ex.o
 .debug_line    0x00015405     0x2b98 ./Drivers/STM32F3xx_HAL_Driver/Src/stm32f3xx_hal_uart.o